Archive member included to satisfy reference by file (symbol)

C:/ST/STM32CubeIDE_1.19.0/STM32CubeIDE/plugins/com.st.stm32cube.ide.mcu.externaltools.gnu-tools-for-stm32.13.3.rel1.win32_1.0.100.202509120712/tools/bin/../lib/gcc/arm-none-eabi/13.3.1/../../../../arm-none-eabi/lib/thumb/v6-m/nofp\libc_nano.a(libc_a-exit.o)
                              C:/ST/STM32CubeIDE_1.19.0/STM32CubeIDE/plugins/com.st.stm32cube.ide.mcu.externaltools.gnu-tools-for-stm32.13.3.rel1.win32_1.0.100.202509120712/tools/bin/../lib/gcc/arm-none-eabi/13.3.1/../../../../arm-none-eabi/lib/thumb/v6-m/nofp/crt0.o (exit)
C:/ST/STM32CubeIDE_1.19.0/STM32CubeIDE/plugins/com.st.stm32cube.ide.mcu.externaltools.gnu-tools-for-stm32.13.3.rel1.win32_1.0.100.202509120712/tools/bin/../lib/gcc/arm-none-eabi/13.3.1/../../../../arm-none-eabi/lib/thumb/v6-m/nofp\libc_nano.a(libc_a-findfp.o)
                              C:/ST/STM32CubeIDE_1.19.0/STM32CubeIDE/plugins/com.st.stm32cube.ide.mcu.externaltools.gnu-tools-for-stm32.13.3.rel1.win32_1.0.100.202509120712/tools/bin/../lib/gcc/arm-none-eabi/13.3.1/../../../../arm-none-eabi/lib/thumb/v6-m/nofp\libc_nano.a(libc_a-exit.o) (__stdio_exit_handler)
C:/ST/STM32CubeIDE_1.19.0/STM32CubeIDE/plugins/com.st.stm32cube.ide.mcu.externaltools.gnu-tools-for-stm32.13.3.rel1.win32_1.0.100.202509120712/tools/bin/../lib/gcc/arm-none-eabi/13.3.1/../../../../arm-none-eabi/lib/thumb/v6-m/nofp\libc_nano.a(libc_a-fwalk.o)
                              C:/ST/STM32CubeIDE_1.19.0/STM32CubeIDE/plugins/com.st.stm32cube.ide.mcu.externaltools.gnu-tools-for-stm32.13.3.rel1.win32_1.0.100.202509120712/tools/bin/../lib/gcc/arm-none-eabi/13.3.1/../../../../arm-none-eabi/lib/thumb/v6-m/nofp\libc_nano.a(libc_a-findfp.o) (_fwalk_sglue)
C:/ST/STM32CubeIDE_1.19.0/STM32CubeIDE/plugins/com.st.stm32cube.ide.mcu.externaltools.gnu-tools-for-stm32.13.3.rel1.win32_1.0.100.202509120712/tools/bin/../lib/gcc/arm-none-eabi/13.3.1/../../../../arm-none-eabi/lib/thumb/v6-m/nofp\libc_nano.a(libc_a-stdio.o)
                              C:/ST/STM32CubeIDE_1.19.0/STM32CubeIDE/plugins/com.st.stm32cube.ide.mcu.externaltools.gnu-tools-for-stm32.13.3.rel1.win32_1.0.100.202509120712/tools/bin/../lib/gcc/arm-none-eabi/13.3.1/../../../../arm-none-eabi/lib/thumb/v6-m/nofp\libc_nano.a(libc_a-findfp.o) (__sread)
C:/ST/STM32CubeIDE_1.19.0/STM32CubeIDE/plugins/com.st.stm32cube.ide.mcu.externaltools.gnu-tools-for-stm32.13.3.rel1.win32_1.0.100.202509120712/tools/bin/../lib/gcc/arm-none-eabi/13.3.1/../../../../arm-none-eabi/lib/thumb/v6-m/nofp\libc_nano.a(libc_a-memset.o)
                              C:/ST/STM32CubeIDE_1.19.0/STM32CubeIDE/plugins/com.st.stm32cube.ide.mcu.externaltools.gnu-tools-for-stm32.13.3.rel1.win32_1.0.100.202509120712/tools/bin/../lib/gcc/arm-none-eabi/13.3.1/../../../../arm-none-eabi/lib/thumb/v6-m/nofp/crt0.o (memset)
C:/ST/STM32CubeIDE_1.19.0/STM32CubeIDE/plugins/com.st.stm32cube.ide.mcu.externaltools.gnu-tools-for-stm32.13.3.rel1.win32_1.0.100.202509120712/tools/bin/../lib/gcc/arm-none-eabi/13.3.1/../../../../arm-none-eabi/lib/thumb/v6-m/nofp\libc_nano.a(libc_a-closer.o)
                              C:/ST/STM32CubeIDE_1.19.0/STM32CubeIDE/plugins/com.st.stm32cube.ide.mcu.externaltools.gnu-tools-for-stm32.13.3.rel1.win32_1.0.100.202509120712/tools/bin/../lib/gcc/arm-none-eabi/13.3.1/../../../../arm-none-eabi/lib/thumb/v6-m/nofp\libc_nano.a(libc_a-stdio.o) (_close_r)
C:/ST/STM32CubeIDE_1.19.0/STM32CubeIDE/plugins/com.st.stm32cube.ide.mcu.externaltools.gnu-tools-for-stm32.13.3.rel1.win32_1.0.100.202509120712/tools/bin/../lib/gcc/arm-none-eabi/13.3.1/../../../../arm-none-eabi/lib/thumb/v6-m/nofp\libc_nano.a(libc_a-reent.o)
                              C:/ST/STM32CubeIDE_1.19.0/STM32CubeIDE/plugins/com.st.stm32cube.ide.mcu.externaltools.gnu-tools-for-stm32.13.3.rel1.win32_1.0.100.202509120712/tools/bin/../lib/gcc/arm-none-eabi/13.3.1/../../../../arm-none-eabi/lib/thumb/v6-m/nofp\libc_nano.a(libc_a-closer.o) (errno)
C:/ST/STM32CubeIDE_1.19.0/STM32CubeIDE/plugins/com.st.stm32cube.ide.mcu.externaltools.gnu-tools-for-stm32.13.3.rel1.win32_1.0.100.202509120712/tools/bin/../lib/gcc/arm-none-eabi/13.3.1/../../../../arm-none-eabi/lib/thumb/v6-m/nofp\libc_nano.a(libc_a-impure.o)
                              C:/ST/STM32CubeIDE_1.19.0/STM32CubeIDE/plugins/com.st.stm32cube.ide.mcu.externaltools.gnu-tools-for-stm32.13.3.rel1.win32_1.0.100.202509120712/tools/bin/../lib/gcc/arm-none-eabi/13.3.1/../../../../arm-none-eabi/lib/thumb/v6-m/nofp\libc_nano.a(libc_a-reent.o) (_impure_ptr)
C:/ST/STM32CubeIDE_1.19.0/STM32CubeIDE/plugins/com.st.stm32cube.ide.mcu.externaltools.gnu-tools-for-stm32.13.3.rel1.win32_1.0.100.202509120712/tools/bin/../lib/gcc/arm-none-eabi/13.3.1/../../../../arm-none-eabi/lib/thumb/v6-m/nofp\libc_nano.a(libc_a-lseekr.o)
[...]
Memory Configuration

Name             Origin             Length             Attributes
RAM              0x20000000         0x00002000         xrw
FLASH            0x08000000         0x00010000         xr
*default*        0x00000000         0xffffffff

Linker script and memory map

LOAD C:/ST/STM32CubeIDE_1.19.0/STM32CubeIDE/plugins/com.st.stm32cube.ide.mcu.externaltools.gnu-tools-for-stm32.13.3.rel1.win32_1.0.100.202509120712/tools/bin/../lib/gcc/arm-none-eabi/13.3.1/thumb/v6-m/nofp/crti.o
LOAD C:/ST/STM32CubeIDE_1.19.0/STM32CubeIDE/plugins/com.st.stm32cube.ide.mcu.externaltools.gnu-tools-for-stm32.13.3.rel1.win32_1.0.100.202509120712/tools/bin/../lib/gcc/arm-none-eabi/13.3.1/thumb/v6-m/nofp/crtbegin.o
LOAD C:/ST/STM32CubeIDE_1.19.0/STM32CubeIDE/plugins/com.st.stm32cube.ide.mcu.externaltools.gnu-tools-for-stm32.13.3.rel1.win32_1.0.100.202509120712/tools/bin/../lib/gcc/arm-none-eabi/13.3.1/../../../../arm-none-eabi/lib/thumb/v6-m/nofp/crt0.o
LOAD ./Application/Startup/startup_stm32g031c8tx.o
LOAD ./Application/User/aspep.o
LOAD ./Application/User/bemf_ADC_fdbk_sixstep.o
LOAD ./Application/User/main.o
LOAD ./Application/User/mc_api.o
LOAD ./Application/User/mc_app_hooks.o
LOAD ./Application/User/mc_config.o
LOAD ./Application/User/mc_config_common.o
LOAD ./Application/User/mc_configuration_registers.o
LOAD ./Application/User/mc_interface.o
LOAD ./Application/User/mc_math.o
LOAD ./Application/User/mc_parameters.o
LOAD ./Application/User/mc_tasks.o
LOAD ./Application/User/mc_tasks_sixstep.o
LOAD ./Application/User/mcp.o
LOAD ./Application/User/mcp_config.o
LOAD ./Application/User/motorcontrol.o
LOAD ./Application/User/pwmc_sixstep.o
LOAD ./Application/User/regular_conversion_manager.o
LOAD ./Application/User/speed_duty_ctrl.o
LOAD ./Application/User/stm32_mc_common_it.o
LOAD ./Application/User/stm32g0xx_hal_msp.o
LOAD ./Application/User/stm32g0xx_it.o
LOAD ./Application/User/stm32g0xx_mc_it.o
LOAD ./Application/User/sync_registers.o
LOAD ./Application/User/syscalls.o
LOAD ./Application/User/sysmem.o
LOAD ./Application/User/usart_aspep_driver.o
LOAD ./Drivers/CMSIS/system_stm32g0xx.o
LOAD ./Drivers/STM32G0xx_HAL_Driver/stm32g0xx_hal.o
LOAD ./Drivers/STM32G0xx_HAL_Driver/stm32g0xx_hal_adc.o
LOAD ./Drivers/STM32G0xx_HAL_Driver/stm32g0xx_hal_adc_ex.o
LOAD ./Drivers/STM32G0xx_HAL_Driver/stm32g0xx_hal_cortex.o
LOAD ./Drivers/STM32G0xx_HAL_Driver/stm32g0xx_hal_dma.o
LOAD ./Drivers/STM32G0xx_HAL_Driver/stm32g0xx_hal_dma_ex.o
LOAD ./Drivers/STM32G0xx_HAL_Driver/stm32g0xx_hal_exti.o
LOAD ./Drivers/STM32G0xx_HAL_Driver/stm32g0xx_hal_flash.o
LOAD ./Drivers/STM32G0xx_HAL_Driver/stm32g0xx_hal_flash_ex.o
LOAD ./Drivers/STM32G0xx_HAL_Driver/stm32g0xx_hal_gpio.o
LOAD ./Drivers/STM32G0xx_HAL_Driver/stm32g0xx_hal_pwr.o
LOAD ./Drivers/STM32G0xx_HAL_Driver/stm32g0xx_hal_pwr_ex.o
LOAD ./Drivers/STM32G0xx_HAL_Driver/stm32g0xx_hal_rcc.o
LOAD ./Drivers/STM32G0xx_HAL_Driver/stm32g0xx_hal_rcc_ex.o
LOAD ./Drivers/STM32G0xx_HAL_Driver/stm32g0xx_hal_tim.o
LOAD ./Drivers/STM32G0xx_HAL_Driver/stm32g0xx_hal_tim_ex.o
LOAD ./Drivers/STM32G0xx_HAL_Driver/stm32g0xx_hal_uart.o
LOAD ./Drivers/STM32G0xx_HAL_Driver/stm32g0xx_hal_uart_ex.o
LOAD ./Drivers/STM32G0xx_HAL_Driver/stm32g0xx_ll_adc.o
LOAD ./Drivers/STM32G0xx_HAL_Driver/stm32g0xx_ll_rcc.o
LOAD ./Middlewares/MotorControl/bus_voltage_sensor.o
LOAD ./Middlewares/MotorControl/ntc_temperature_sensor.o
LOAD ./Middlewares/MotorControl/pid_regulator.o
LOAD ./Middlewares/MotorControl/r_divider_bus_voltage_sensor.o
LOAD ./Middlewares/MotorControl/revup_ctrl_sixstep.o
LOAD ./Middlewares/MotorControl/speed_pos_fdbk_sixstep.o
START GROUP
LOAD C:/ST/STM32CubeIDE_1.19.0/STM32CubeIDE/plugins/com.st.stm32cube.ide.mcu.externaltools.gnu-tools-for-stm32.13.3.rel1.win32_1.0.100.202509120712/tools/bin/../lib/gcc/arm-none-eabi/13.3.1/../../../../arm-none-eabi/lib/thumb/v6-m/nofp\libc_nano.a
LOAD C:/ST/STM32CubeIDE_1.19.0/STM32CubeIDE/plugins/com.st.stm32cube.ide.mcu.externaltools.gnu-tools-for-stm32.13.3.rel1.win32_1.0.100.202509120712/tools/bin/../lib/gcc/arm-none-eabi/13.3.1/../../../../arm-none-eabi/lib/thumb/v6-m/nofp\libm.a
END GROUP
START GROUP
LOAD C:/ST/STM32CubeIDE_1.19.0/STM32CubeIDE/plugins/com.st.stm32cube.ide.mcu.externaltools.gnu-tools-for-stm32.13.3.rel1.win32_1.0.100.202509120712/tools/bin/../lib/gcc/arm-none-eabi/13.3.1/thumb/v6-m/nofp\libgcc.a
LOAD C:/ST/STM32CubeIDE_1.19.0/STM32CubeIDE/plugins/com.st.stm32cube.ide.mcu.externaltools.gnu-tools-for-stm32.13.3.rel1.win32_1.0.100.202509120712/tools/bin/../lib/gcc/arm-none-eabi/13.3.1/../../../../arm-none-eabi/lib/thumb/v6-m/nofp\libc_nano.a
END GROUP
START GROUP
LOAD C:/ST/STM32CubeIDE_1.19.0/STM32CubeIDE/plugins/com.st.stm32cube.ide.mcu.externaltools.gnu-tools-for-stm32.13.3.rel1.win32_1.0.100.202509120712/tools/bin/../lib/gcc/arm-none-eabi/13.3.1/thumb/v6-m/nofp\libgcc.a
LOAD C:/ST/STM32CubeIDE_1.19.0/STM32CubeIDE/plugins/com.st.stm32cube.ide.mcu.externaltools.gnu-tools-for-stm32.13.3.rel1.win32_1.0.100.202509120712/tools/bin/../lib/gcc/arm-none-eabi/13.3.1/../../../../arm-none-eabi/lib/thumb/v6-m/nofp\libc_nano.a
LOAD C:/ST/STM32CubeIDE_1.19.0/STM32CubeIDE/plugins/com.st.stm32cube.ide.mcu.externaltools.gnu-tools-for-stm32.13.3.rel1.win32_1.0.100.202509120712/tools/bin/../lib/gcc/arm-none-eabi/13.3.1/../../../../arm-none-eabi/lib/thumb/v6-m/nofp\libnosys.a
END GROUP
START GROUP
LOAD C:/ST/STM32CubeIDE_1.19.0/STM32CubeIDE/plugins/com.st.stm32cube.ide.mcu.externaltools.gnu-tools-for-stm32.13.3.rel1.win32_1.0.100.202509120712/tools/bin/../lib/gcc/arm-none-eabi/13.3.1/thumb/v6-m/nofp\libgcc.a
LOAD C:/ST/STM32CubeIDE_1.19.0/STM32CubeIDE/plugins/com.st.stm32cube.ide.mcu.externaltools.gnu-tools-for-stm32.13.3.rel1.win32_1.0.100.202509120712/tools/bin/../lib/gcc/arm-none-eabi/13.3.1/../../../../arm-none-eabi/lib/thumb/v6-m/nofp\libc_nano.a
LOAD C:/ST/STM32CubeIDE_1.19.0/STM32CubeIDE/plugins/com.st.stm32cube.ide.mcu.externaltools.gnu-tools-for-stm32.13.3.rel1.win32_1.0.100.202509120712/tools/bin/../lib/gcc/arm-none-eabi/13.3.1/../../../../arm-none-eabi/lib/thumb/v6-m/nofp\libnosys.a
END GROUP
LOAD C:/ST/STM32CubeIDE_1.19.0/STM32CubeIDE/plugins/com.st.stm32cube.ide.mcu.externaltools.gnu-tools-for-stm32.13.3.rel1.win32_1.0.100.202509120712/tools/bin/../lib/gcc/arm-none-eabi/13.3.1/thumb/v6-m/nofp/crtend.o
LOAD C:/ST/STM32CubeIDE_1.19.0/STM32CubeIDE/plugins/com.st.stm32cube.ide.mcu.externaltools.gnu-tools-for-stm32.13.3.rel1.win32_1.0.100.202509120712/tools/bin/../lib/gcc/arm-none-eabi/13.3.1/thumb/v6-m/nofp/crtn.o
                0x20002000                        _estack = (ORIGIN (RAM) + LENGTH (RAM))
                0x00000200                        _Min_Heap_Size = 0x200
                0x00000400                        _Min_Stack_Size = 0x400

.isr_vector     0x08000000       0xbc
                0x08000000                        . = ALIGN (0x4)
 *(.isr_vector)
 .isr_vector    0x08000000       0xbc ./Application/Startup/startup_stm32g031c8tx.o
                0x08000000                g_pfnVectors
                0x080000bc                        . = ALIGN (0x4)

.text           0x080000bc     0x76f0
                0x080000bc                        . = ALIGN (0x4)
 *(.text)
 .text          0x080000bc       0x48 C:/ST/STM32CubeIDE_1.19.0/STM32CubeIDE/plugins/com.st.stm32cube.ide.mcu.externaltools.gnu-tools-for-stm32.13.3.rel1.win32_1.0.100.202509120712/tools/bin/../lib/gcc/arm-none-eabi/13.3.1/thumb/v6-m/nofp/crtbegin.o
 .text          0x08000104      0x114 C:/ST/STM32CubeIDE_1.19.0/STM32CubeIDE/plugins/com.st.stm32cube.ide.mcu.externaltools.gnu-tools-for-stm32.13.3.rel1.win32_1.0.100.202509120712/tools/bin/../lib/gcc/arm-none-eabi/13.3.1/thumb/v6-m/nofp\libgcc.a(_udivsi3.o)
                0x08000104                __aeabi_uidiv
                0x08000104                __udivsi3
                0x08000210                __aeabi_uidivmod
 .text          0x08000218      0x1d4 C:/ST/STM32CubeIDE_1.19.0/STM32CubeIDE/plugins/com.st.stm32cube.ide.mcu.externaltools.gnu-tools-for-stm32.13.3.rel1.win32_1.0.100.202509120712/tools/bin/../lib/gcc/arm-none-eabi/13.3.1/thumb/v6-m/nofp\libgcc.a(_divsi3.o)
                0x08000218                __divsi3
                0x08000218                __aeabi_idiv
                0x080003e4                __aeabi_idivmod
 .text          0x080003ec        0x4 C:/ST/STM32CubeIDE_1.19.0/STM32CubeIDE/plugins/com.st.stm32cube.ide.mcu.externaltools.gnu-tools-for-stm32.13.3.rel1.win32_1.0.100.202509120712/tools/bin/../lib/gcc/arm-none-eabi/13.3.1/thumb/v6-m/nofp\libgcc.a(_dvmd_tls.o)
                0x080003ec                __aeabi_idiv0
                0x080003ec                __aeabi_ldiv0
 .text          0x080003f0       0x40 C:/ST/STM32CubeIDE_1.19.0/STM32CubeIDE/plugins/com.st.stm32cube.ide.mcu.externaltools.gnu-tools-for-stm32.13.3.rel1.win32_1.0.100.202509120712/tools/bin/../lib/gcc/arm-none-eabi/13.3.1/thumb/v6-m/nofp\libgcc.a(_aeabi_uldivmod.o)
                0x080003f0                __aeabi_uldivmod
 .text          0x08000430       0x3c C:/ST/STM32CubeIDE_1.19.0/STM32CubeIDE/plugins/com.st.stm32cube.ide.mcu.externaltools.gnu-tools-for-stm32.13.3.rel1.win32_1.0.100.202509120712/tools/bin/../lib/gcc/arm-none-eabi/13.3.1/thumb/v6-m/nofp\libgcc.a(_fixunsdfsi.o)
                0x08000430                __aeabi_d2uiz
                0x08000430                __fixunsdfsi
 .text          0x0800046c      0x198 C:/ST/STM32CubeIDE_1.19.0/STM32CubeIDE/plugins/com.st.stm32cube.ide.mcu.externaltools.gnu-tools-for-stm32.13.3.rel1.win32_1.0.100.202509120712/tools/bin/../lib/gcc/arm-none-eabi/13.3.1/thumb/v6-m/nofp\libgcc.a(_udivmoddi4.o)
                0x0800046c                __udivmoddi4
 .text          0x08000604      0x5cc C:/ST/STM32CubeIDE_1.19.0/STM32CubeIDE/plugins/com.st.stm32cube.ide.mcu.externaltools.gnu-tools-for-stm32.13.3.rel1.win32_1.0.100.202509120712/tools/bin/../lib/gcc/arm-none-eabi/13.3.1/thumb/v6-m/nofp\libgcc.a(muldf3.o)
                0x08000604                __aeabi_dmul
 .text          0x08000bd0      0x814 C:/ST/STM32CubeIDE_1.19.0/STM32CubeIDE/plugins/com.st.stm32cube.ide.mcu.externaltools.gnu-tools-for-stm32.13.3.rel1.win32_1.0.100.202509120712/tools/bin/../lib/gcc/arm-none-eabi/13.3.1/thumb/v6-m/nofp\libgcc.a(subdf3.o)
                0x08000bd0                __aeabi_dsub
 .text          0x080013e4       0x78 C:/ST/STM32CubeIDE_1.19.0/STM32CubeIDE/plugins/com.st.stm32cube.ide.mcu.externaltools.gnu-tools-for-stm32.13.3.rel1.win32_1.0.100.202509120712/tools/bin/../lib/gcc/arm-none-eabi/13.3.1/thumb/v6-m/nofp\libgcc.a(fixdfsi.o)
                0x080013e4                __aeabi_d2iz
 .text          0x0800145c       0x5c C:/ST/STM32CubeIDE_1.19.0/STM32CubeIDE/plugins/com.st.stm32cube.ide.mcu.externaltools.gnu-tools-for-stm32.13.3.rel1.win32_1.0.100.202509120712/tools/bin/../lib/gcc/arm-none-eabi/13.3.1/thumb/v6-m/nofp\libgcc.a(floatsidf.o)
                0x0800145c                __aeabi_i2d
 .text          0x080014b8       0x7c C:/ST/STM32CubeIDE_1.19.0/STM32CubeIDE/plugins/com.st.stm32cube.ide.mcu.externaltools.gnu-tools-for-stm32.13.3.rel1.win32_1.0.100.202509120712/tools/bin/../lib/gcc/arm-none-eabi/13.3.1/thumb/v6-m/nofp\libgcc.a(_arm_cmpdf2.o)
                0x080014b8                __aeabi_cdrcmple
                0x080014c8                __aeabi_cdcmple
                0x080014c8                __aeabi_cdcmpeq
                0x080014d8                __aeabi_dcmpeq
                0x080014e4                __aeabi_dcmplt
                0x080014f8                __aeabi_dcmple
                0x0800150c                __aeabi_dcmpgt
                0x08001520                __aeabi_dcmpge
 .text          0x08001534       0x3c C:/ST/STM32CubeIDE_1.19.0/STM32CubeIDE/plugins/com.st.stm32cube.ide.mcu.externaltools.gnu-tools-for-stm32.13.3.rel1.win32_1.0.100.202509120712/tools/bin/../lib/gcc/arm-none-eabi/13.3.1/thumb/v6-m/nofp\libgcc.a(_clzsi2.o)
                0x08001534                __clzsi2
 .text          0x08001570       0x18 C:/ST/STM32CubeIDE_1.19.0/STM32CubeIDE/plugins/com.st.stm32cube.ide.mcu.externaltools.gnu-tools-for-stm32.13.3.rel1.win32_1.0.100.202509120712/tools/bin/../lib/gcc/arm-none-eabi/13.3.1/thumb/v6-m/nofp\libgcc.a(_clzdi2.o)
                0x08001570                __clzdi2
 .text          0x08001588       0x88 C:/ST/STM32CubeIDE_1.19.0/STM32CubeIDE/plugins/com.st.stm32cube.ide.mcu.externaltools.gnu-tools-for-stm32.13.3.rel1.win32_1.0.100.202509120712/tools/bin/../lib/gcc/arm-none-eabi/13.3.1/thumb/v6-m/nofp\libgcc.a(eqdf2.o)
                0x08001588                __nedf2
                0x08001588                __eqdf2
 .text          0x08001610       0xe0 C:/ST/STM32CubeIDE_1.19.0/STM32CubeIDE/plugins/com.st.stm32cube.ide.mcu.externaltools.gnu-tools-for-stm32.13.3.rel1.win32_1.0.100.202509120712/tools/bin/../lib/gcc/arm-none-eabi/13.3.1/thumb/v6-m/nofp\libgcc.a(gedf2.o)
                0x08001610                __gedf2
                0x08001610                __gtdf2
 .text          0x080016f0       0xdc C:/ST/STM32CubeIDE_1.19.0/STM32CubeIDE/plugins/com.st.stm32cube.ide.mcu.externaltools.gnu-tools-for-stm32.13.3.rel1.win32_1.0.100.202509120712/tools/bin/../lib/gcc/arm-none-eabi/13.3.1/thumb/v6-m/nofp\libgcc.a(ledf2.o)
                0x080016f0                __ledf2
                0x080016f0                __ltdf2
 *(.text*)
 .text.Reset_Handler
                0x080017cc       0x50 ./Application/Startup/startup_stm32g031c8tx.o
                0x080017cc                Reset_Handler
 .text.Default_Handler
                0x0800181c        0x2 ./Application/Startup/startup_stm32g031c8tx.o
                0x0800181c                TIM1_CC_IRQHandler
                0x0800181c                PVD_IRQHandler
                0x0800181c                PendSV_Handler
                0x0800181c                NMI_Handler
                0x0800181c                I2C1_IRQHandler
                0x0800181c                LPTIM2_IRQHandler
                0x0800181c                RTC_TAMP_IRQHandler
                0x0800181c                SPI1_IRQHandler
                0x0800181c                DMA1_Ch4_5_DMAMUX1_OVR_IRQHandler
                0x0800181c                EXTI2_3_IRQHandler
                0x0800181c                I2C2_IRQHandler
                0x0800181c                TIM17_IRQHandler
                0x0800181c                TIM16_IRQHandler
                0x0800181c                TIM3_IRQHandler
                0x0800181c                RCC_IRQHandler
                0x0800181c                DMA1_Channel1_IRQHandler
                0x0800181c                Default_Handler
                0x0800181c                TIM14_IRQHandler
                0x0800181c                EXTI0_1_IRQHandler
                0x0800181c                SPI2_IRQHandler
                0x0800181c                SVC_Handler
                0x0800181c                WWDG_IRQHandler
                0x0800181c                LPUART1_IRQHandler
                0x0800181c                DMA1_Channel2_3_IRQHandler
                0x0800181c                USART2_IRQHandler
                0x0800181c                FLASH_IRQHandler
                0x0800181c                LPTIM1_IRQHandler
 *fill*         0x0800181e        0x2 
 .text.ASPEP_start
                0x08001820       0x24 ./Application/User/aspep.o
                0x08001820                ASPEP_start
 .text.ASPEP_sendBeacon
                0x08001844       0x88 ./Application/User/aspep.o
                0x08001844                ASPEP_sendBeacon
 .text.ASPEP_sendPing
                0x080018cc       0x94 ./Application/User/aspep.o
                0x080018cc                ASPEP_sendPing
 .text.ASPEP_getBuffer
                0x08001960       0x24 ./Application/User/aspep.o
                0x08001960                ASPEP_getBuffer
 .text.ASPEP_sendPacket
                0x08001984       0xf0 ./Application/User/aspep.o
                0x08001984                ASPEP_sendPacket
 .text.ASPEP_HWDataTransmittedIT
                0x08001a74       0x5c ./Application/User/aspep.o
                0x08001a74                ASPEP_HWDataTransmittedIT
 .text.ASPEP_RXframeProcess
                0x08001ad0      0x340 ./Application/User/aspep.o
                0x08001ad0                ASPEP_RXframeProcess
 .text.ASPEP_HWDataReceivedIT
                0x08001e10       0xa0 ./Application/User/aspep.o
                0x08001e10                ASPEP_HWDataReceivedIT
 .text.ASPEP_HWReset
                0x08001eb0       0x18 ./Application/User/aspep.o
                0x08001eb0                ASPEP_HWReset
 .text.BADC_Init
                0x08001ec8       0xcc ./Application/User/bemf_ADC_fdbk_sixstep.o
                0x08001ec8                BADC_Init
 .text.BADC_Clear
                0x08001f94       0x64 ./Application/User/bemf_ADC_fdbk_sixstep.o
                0x08001f94                BADC_Clear
 .text.BADC_Start
                0x08001ff8      0x118 ./Application/User/bemf_ADC_fdbk_sixstep.o
                0x08001ff8                BADC_Start
 .text.BADC_Stop
                0x08002110       0x50 ./Application/User/bemf_ADC_fdbk_sixstep.o
                0x08002110                BADC_Stop
 .text.BADC_SetSamplingPoint
                0x08002160       0x88 ./Application/User/bemf_ADC_fdbk_sixstep.o
                0x08002160                BADC_SetSamplingPoint
 .text.BADC_IsZcDetected
                0x080021e8       0xfc ./Application/User/bemf_ADC_fdbk_sixstep.o
                0x080021e8                BADC_IsZcDetected
 .text.BADC_CalcAvrgMecSpeedUnit
                0x080022e4       0x94 ./Application/User/bemf_ADC_fdbk_sixstep.o
                0x080022e4                BADC_CalcAvrgMecSpeedUnit
 .text.BADC_SetDirection
                0x08002378        0x8 ./Application/User/bemf_ADC_fdbk_sixstep.o
                0x08002378                BADC_SetDirection
 .text.BADC_StepChangeEvent
                0x08002380       0x50 ./Application/User/bemf_ADC_fdbk_sixstep.o
                0x08002380                BADC_StepChangeEvent
 .text.BADC_CalcRevUpDemagTime
                0x080023d0       0x28 ./Application/User/bemf_ADC_fdbk_sixstep.o
                0x080023d0                BADC_CalcRevUpDemagTime
 .text.BADC_CalcRunDemagTime
                0x080023f8       0x34 ./Application/User/bemf_ADC_fdbk_sixstep.o
                0x080023f8                BADC_CalcRunDemagTime
 .text.BADC_SetLoopClosed
                0x0800242c        0x8 ./Application/User/bemf_ADC_fdbk_sixstep.o
                0x0800242c                BADC_SetLoopClosed
 .text.BADC_SetSpeedTimer
                0x08002434       0x1c ./Application/User/bemf_ADC_fdbk_sixstep.o
                0x08002434                BADC_SetSpeedTimer
 .text.BADC_CheckDetectionErrors
                0x08002450       0x3c ./Application/User/bemf_ADC_fdbk_sixstep.o
                0x08002450                BADC_CheckDetectionErrors
 .text.BADC_SetBemfSensorlessParam
                0x0800248c       0x3c ./Application/User/bemf_ADC_fdbk_sixstep.o
                0x0800248c                BADC_SetBemfSensorlessParam
 .text.BADC_GetBemfSensorlessParam
                0x080024c8       0x3c ./Application/User/bemf_ADC_fdbk_sixstep.o
                0x080024c8                BADC_GetBemfSensorlessParam
 .text.SystemClock_Config
                0x08002504       0x84 ./Application/User/main.o
                0x08002504                SystemClock_Config
 .text.startup.main
                0x08002588      0x444 ./Application/User/main.o
                0x08002588                main
 .text.Error_Handler
                0x080029cc        0x4 ./Application/User/main.o
                0x080029cc                Error_Handler
 .text.MC_StartMotor1
                0x080029d0       0x10 ./Application/User/mc_api.o
                0x080029d0                MC_StartMotor1
 .text.MC_StopMotor1
                0x080029e0       0x10 ./Application/User/mc_api.o
                0x080029e0                MC_StopMotor1
 .text.MC_GetSTMStateMotor1
                0x080029f0       0x10 ./Application/User/mc_api.o
                0x080029f0                MC_GetSTMStateMotor1
 .text.MC_APP_BootHook
                0x08002a00        0x4 ./Application/User/mc_app_hooks.o
                0x08002a00                MC_APP_BootHook
 .text.MC_APP_PostMediumFrequencyHook_M1
                0x08002a04        0x4 ./Application/User/mc_app_hooks.o
                0x08002a04                MC_APP_PostMediumFrequencyHook_M1
 .text.MCI_ExecSpeedRamp
                0x08002a08       0x24 ./Application/User/mc_interface.o
                0x08002a08                MCI_ExecSpeedRamp
 .text.MCI_FaultProcessing
                0x08002a2c       0x10 ./Application/User/mc_interface.o
                0x08002a2c                MCI_FaultProcessing
 .text.MCI_ExecBufferedCommands
                0x08002a3c       0x38 ./Application/User/mc_interface.o
                0x08002a3c                MCI_ExecBufferedCommands
 .text.MCI_GetSTMState
                0x08002a74        0x4 ./Application/User/mc_interface.o
                0x08002a74                MCI_GetSTMState
 .text.MCI_GetOccurredFaults
                0x08002a78        0x4 ./Application/User/mc_interface.o
                0x08002a78                MCI_GetOccurredFaults
 .text.MCI_GetCurrentFaults
                0x08002a7c        0x4 ./Application/User/mc_interface.o
                0x08002a7c                MCI_GetCurrentFaults
 .text.MCI_StartMotor
                0x08002a80       0x30 ./Application/User/mc_interface.o
                0x08002a80                MCI_StartMotor
 .text.MCI_StopMotor
                0x08002ab0       0x3c ./Application/User/mc_interface.o
                0x08002ab0                MCI_StopMotor
 .text.MCI_FaultAcknowledged
                0x08002aec       0x24 ./Application/User/mc_interface.o
                0x08002aec                MCI_FaultAcknowledged
 .text.MCI_GetFaultState
                0x08002b10        0xc ./Application/User/mc_interface.o
                0x08002b10                MCI_GetFaultState
 .text.MCI_GetControlMode
                0x08002b1c        0x4 ./Application/User/mc_interface.o
                0x08002b1c                MCI_GetControlMode
 .text.MCI_GetImposedMotorDirection
                0x08002b20       0x18 ./Application/User/mc_interface.o
                0x08002b20                MCI_GetImposedMotorDirection
 .text.MCI_GetLastRampFinalSpeed
                0x08002b38        0x8 ./Application/User/mc_interface.o
                0x08002b38                MCI_GetLastRampFinalSpeed
 .text.MCI_GetLastRampFinalDuration
                0x08002b40        0x4 ./Application/User/mc_interface.o
                0x08002b40                MCI_GetLastRampFinalDuration
 .text.MCI_StopRamp
                0x08002b44        0xc ./Application/User/mc_interface.o
                0x08002b44                MCI_StopRamp
 .text.MCI_GetAvrgMecSpeedUnit
                0x08002b50        0xc ./Application/User/mc_interface.o
                0x08002b50                MCI_GetAvrgMecSpeedUnit
 .text.MCI_GetMecSpeedRefUnit
                0x08002b5c       0x10 ./Application/User/mc_interface.o
                0x08002b5c                MCI_GetMecSpeedRefUnit
 .text.MCI_GetDutyCycleRef
                0x08002b6c        0x8 ./Application/User/mc_interface.o
                0x08002b6c                MCI_GetDutyCycleRef
 .text.MCboot   0x08002b74       0x64 ./Application/User/mc_tasks.o
                0x08002b74                MCboot
 .text.TSK_SetChargeBootCapDelayM1
                0x08002bd8        0xc ./Application/User/mc_tasks.o
                0x08002bd8                TSK_SetChargeBootCapDelayM1
 .text.TSK_ChargeBootCapDelayHasElapsedM1
                0x08002be4       0x10 ./Application/User/mc_tasks.o
                0x08002be4                TSK_ChargeBootCapDelayHasElapsedM1
 .text.TSK_SetStopPermanencyTimeM1
                0x08002bf4        0xc ./Application/User/mc_tasks.o
                0x08002bf4                TSK_SetStopPermanencyTimeM1
 .text.TSK_StopPermanencyTimeHasElapsedM1
                0x08002c00       0x10 ./Application/User/mc_tasks.o
                0x08002c00                TSK_StopPermanencyTimeHasElapsedM1
 .text.TSK_SafetyTask_PWMOFF
                0x08002c10       0x84 ./Application/User/mc_tasks.o
                0x08002c10                TSK_SafetyTask_PWMOFF
 .text.TSK_SafetyTask
                0x08002c94       0x18 ./Application/User/mc_tasks.o
                0x08002c94                TSK_SafetyTask
 .text.MC_RunMotorControlTasks
                0x08002cac       0x98 ./Application/User/mc_tasks.o
                0x08002cac                MC_RunMotorControlTasks
 .text.TSK_HardwareFaultTask
                0x08002d44       0x18 ./Application/User/mc_tasks.o
                0x08002d44                TSK_HardwareFaultTask
 .text.UI_HandleStartStopButton_cb
                0x08002d5c       0x18 ./Application/User/mc_tasks.o
                0x08002d5c                UI_HandleStartStopButton_cb
 .text.mc_lock_pins
                0x08002d74      0x100 ./Application/User/mc_tasks.o
                0x08002d74                mc_lock_pins
 .text.SIX_STEP_Clear
                0x08002e74       0x5c ./Application/User/mc_tasks_sixstep.o
                0x08002e74                SIX_STEP_Clear
 .text.SIX_STEP_Init
                0x08002ed0       0x50 ./Application/User/mc_tasks_sixstep.o
                0x08002ed0                SIX_STEP_Init
 .text.TSK_MediumFrequencyTaskM1
                0x08002f20      0x1cc ./Application/User/mc_tasks_sixstep.o
                0x08002f20                TSK_MediumFrequencyTaskM1
 .text.TSK_SpeedTIM_task
                0x080030ec       0xe4 ./Application/User/mc_tasks_sixstep.o
                0x080030ec                TSK_SpeedTIM_task
 .text.RI_SetRegCommandParser
                0x080031d0       0xf8 ./Application/User/mcp.o
                0x080031d0                RI_SetRegCommandParser
 .text.RI_GetRegCommandParser
                0x080032c8       0xac ./Application/User/mcp.o
                0x080032c8                RI_GetRegCommandParser
 .text.MCP_ReceivedPacket
                0x08003374      0x13c ./Application/User/mcp.o
                0x08003374                MCP_ReceivedPacket
 .text.MX_MotorControl_Init
                0x080034b0       0x34 ./Application/User/motorcontrol.o
                0x080034b0                MX_MotorControl_Init
 .text.PWMC_Init
                0x080034e4       0x3c ./Application/User/pwmc_sixstep.o
                0x080034e4                PWMC_Init
 .text.PWMC_SetPhaseVoltage
                0x08003520       0x10 ./Application/User/pwmc_sixstep.o
                0x08003520                PWMC_SetPhaseVoltage
 .text.PWMC_LoadNextStep
                0x08003530       0x94 ./Application/User/pwmc_sixstep.o
                0x08003530                PWMC_LoadNextStep
 .text.PWMC_TurnOnLowSides
                0x080035c4       0x38 ./Application/User/pwmc_sixstep.o
                0x080035c4                PWMC_TurnOnLowSides
 .text.PWMC_SwitchOnPWM
                0x080035fc       0x40 ./Application/User/pwmc_sixstep.o
                0x080035fc                PWMC_SwitchOnPWM
 .text.PWMC_SetADCTriggerChannel
                0x0800363c       0x18 ./Application/User/pwmc_sixstep.o
                0x0800363c                PWMC_SetADCTriggerChannel
 .text.PWMC_SwitchOffPWM
                0x08003654       0x28 ./Application/User/pwmc_sixstep.o
                0x08003654                PWMC_SwitchOffPWM
 .text.PWMC_ForceNextStep
                0x0800367c       0x28 ./Application/User/pwmc_sixstep.o
                0x0800367c                PWMC_ForceNextStep
 .text.PWMC_IsFaultOccurred
                0x080036a4       0x38 ./Application/User/pwmc_sixstep.o
                0x080036a4                PWMC_IsFaultOccurred
 .text.PWMC_GetLSModConfig
                0x080036dc       0x2c ./Application/User/pwmc_sixstep.o
                0x080036dc                PWMC_GetLSModConfig
 .text.PWMC_SetLSModConfig
                0x08003708       0x2c ./Application/User/pwmc_sixstep.o
                0x08003708                PWMC_SetLSModConfig
 .text.PWMC_SetQuasiSynchState
                0x08003734        0xc ./Application/User/pwmc_sixstep.o
                0x08003734                PWMC_SetQuasiSynchState
 .text.RCM_RegisterRegConv
                0x08003740       0x68 ./Application/User/regular_conversion_manager.o
                0x08003740                RCM_RegisterRegConv
 .text.RCM_ExecNextConv
                0x080037a8       0x64 ./Application/User/regular_conversion_manager.o
                0x080037a8                RCM_ExecNextConv
 .text.RCM_ReadOngoingConv
                0x0800380c       0x50 ./Application/User/regular_conversion_manager.o
                0x0800380c                RCM_ReadOngoingConv
 .text.RCM_WaitForConv
                0x0800385c       0x2c ./Application/User/regular_conversion_manager.o
                0x0800385c                RCM_WaitForConv
 .text.SDC_Clear
                0x08003888       0x1c ./Application/User/speed_duty_ctrl.o
                0x08003888                SDC_Clear
 .text.SDC_ExecRamp
                0x080038a4       0x88 ./Application/User/speed_duty_ctrl.o
                0x080038a4                SDC_ExecRamp
 .text.SDC_CalcSpeedReference
                0x0800392c       0x94 ./Application/User/speed_duty_ctrl.o
                0x0800392c                SDC_CalcSpeedReference
 .text.USART1_IRQHandler
                0x080039c0       0xf8 ./Application/User/stm32_mc_common_it.o
                0x080039c0                USART1_IRQHandler
 .text.HardFault_Handler
                0x08003ab8        0x8 ./Application/User/stm32_mc_common_it.o
                0x08003ab8                HardFault_Handler
 .text.SysTick_Handler
                0x08003ac0       0x40 ./Application/User/stm32_mc_common_it.o
                0x08003ac0                SysTick_Handler
 .text.EXTI4_15_IRQHandler
                0x08003b00       0x28 ./Application/User/stm32_mc_common_it.o
                0x08003b00                EXTI4_15_IRQHandler
 .text.HAL_MspInit
                0x08003b28       0x30 ./Application/User/stm32g0xx_hal_msp.o
                0x08003b28                HAL_MspInit
 .text.HAL_ADC_MspInit
                0x08003b58       0x88 ./Application/User/stm32g0xx_hal_msp.o
                0x08003b58                HAL_ADC_MspInit
 .text.HAL_TIM_Base_MspInit
                0x08003be0       0xac ./Application/User/stm32g0xx_hal_msp.o
                0x08003be0                HAL_TIM_Base_MspInit
 .text.HAL_TIM_MspPostInit
                0x08003c8c       0x84 ./Application/User/stm32g0xx_hal_msp.o
                0x08003c8c                HAL_TIM_MspPostInit
 .text.HAL_UART_MspInit
                0x08003d10       0xf8 ./Application/User/stm32g0xx_hal_msp.o
                0x08003d10                HAL_UART_MspInit
 .text.TIM1_BRK_UP_TRG_COM_IRQHandler
                0x08003e08       0x44 ./Application/User/stm32g0xx_mc_it.o
                0x08003e08                TIM1_BRK_UP_TRG_COM_IRQHandler
 .text.ADC1_IRQHandler
                0x08003e4c       0x2c ./Application/User/stm32g0xx_mc_it.o
                0x08003e4c                ADC1_IRQHandler
 .text.TIM2_IRQHandler
                0x08003e78       0x20 ./Application/User/stm32g0xx_mc_it.o
                0x08003e78                TIM2_IRQHandler
 .text.RI_SetRegisterGlobal
                0x08003e98       0xe8 ./Application/User/sync_registers.o
                0x08003e98                RI_SetRegisterGlobal
 .text.RI_SetRegisterMotor1
                0x08003f80      0x394 ./Application/User/sync_registers.o
                0x08003f80                RI_SetRegisterMotor1
 .text.RI_GetRegisterGlobal
                0x08004314      0x120 ./Application/User/sync_registers.o
                0x08004314                RI_GetRegisterGlobal
 .text.RI_GetRegisterMotor1
                0x08004434      0x4f4 ./Application/User/sync_registers.o
                0x08004434                RI_GetRegisterMotor1
 .text.UASPEP_INIT
                0x08004928       0x84 ./Application/User/usart_aspep_driver.o
                0x08004928                UASPEP_INIT
 .text.UASPEP_CFG_TRANSMISSION
                0x080049ac       0x30 ./Application/User/usart_aspep_driver.o
                0x080049ac                UASPEP_CFG_TRANSMISSION
 .text.UASPEP_CFG_RECEPTION
                0x080049dc       0x2c ./Application/User/usart_aspep_driver.o
                0x080049dc                UASPEP_CFG_RECEPTION
 .text.UASPEP_IDLE_ENABLE
                0x08004a08       0x1c ./Application/User/usart_aspep_driver.o
                0x08004a08                UASPEP_IDLE_ENABLE
 .text.SystemInit
                0x08004a24        0x4 ./Drivers/CMSIS/system_stm32g0xx.o
                0x08004a24                SystemInit
 .text.HAL_InitTick
                0x08004a28       0x4c ./Drivers/STM32G0xx_HAL_Driver/stm32g0xx_hal.o
                0x08004a28                HAL_InitTick
 .text.HAL_Init
                0x08004a74       0x28 ./Drivers/STM32G0xx_HAL_Driver/stm32g0xx_hal.o
                0x08004a74                HAL_Init
 .text.HAL_IncTick
                0x08004a9c       0x18 ./Drivers/STM32G0xx_HAL_Driver/stm32g0xx_hal.o
                0x08004a9c                HAL_IncTick
 .text.HAL_GetTick
                0x08004ab4        0xc ./Drivers/STM32G0xx_HAL_Driver/stm32g0xx_hal.o
                0x08004ab4                HAL_GetTick
 .text.HAL_ADC_Init
                0x08004ac0      0x238 ./Drivers/STM32G0xx_HAL_Driver/stm32g0xx_hal_adc.o
                0x08004ac0                HAL_ADC_Init
 .text.HAL_ADC_ConfigChannel
                0x08004cf8      0x284 ./Drivers/STM32G0xx_HAL_Driver/stm32g0xx_hal_adc.o
                0x08004cf8                HAL_ADC_ConfigChannel
 .text.ADC_Enable
                0x08004f7c       0xcc ./Drivers/STM32G0xx_HAL_Driver/stm32g0xx_hal_adc.o
                0x08004f7c                ADC_Enable
 .text.ADC_Disable
                0x08005048       0x88 ./Drivers/STM32G0xx_HAL_Driver/stm32g0xx_hal_adc.o
                0x08005048                ADC_Disable
 .text.HAL_ADC_AnalogWDGConfig
                0x080050d0      0x3b0 ./Drivers/STM32G0xx_HAL_Driver/stm32g0xx_hal_adc.o
                0x080050d0                HAL_ADC_AnalogWDGConfig
 .text.HAL_NVIC_SetPriority
                0x08005480       0x54 ./Drivers/STM32G0xx_HAL_Driver/stm32g0xx_hal_cortex.o
                0x08005480                HAL_NVIC_SetPriority
 .text.HAL_NVIC_EnableIRQ
                0x080054d4       0x18 ./Drivers/STM32G0xx_HAL_Driver/stm32g0xx_hal_cortex.o
                0x080054d4                HAL_NVIC_EnableIRQ
 .text.HAL_NVIC_SystemReset
                0x080054ec       0x1c ./Drivers/STM32G0xx_HAL_Driver/stm32g0xx_hal_cortex.o
                0x080054ec                HAL_NVIC_SystemReset
 .text.HAL_SYSTICK_Config
                0x08005508       0x34 ./Drivers/STM32G0xx_HAL_Driver/stm32g0xx_hal_cortex.o
                0x08005508                HAL_SYSTICK_Config
 .text.HAL_SYSTICK_Callback
                0x0800553c        0x4 ./Drivers/STM32G0xx_HAL_Driver/stm32g0xx_hal_cortex.o
                0x0800553c                HAL_SYSTICK_Callback
 .text.HAL_SYSTICK_IRQHandler
                0x08005540        0x8 ./Drivers/STM32G0xx_HAL_Driver/stm32g0xx_hal_cortex.o
                0x08005540                HAL_SYSTICK_IRQHandler
 .text.HAL_DMA_Init
                0x08005548       0xec ./Drivers/STM32G0xx_HAL_Driver/stm32g0xx_hal_dma.o
                0x08005548                HAL_DMA_Init
 .text.HAL_GPIO_Init
                0x08005634      0x360 ./Drivers/STM32G0xx_HAL_Driver/stm32g0xx_hal_gpio.o
                0x08005634                HAL_GPIO_Init
 .text.HAL_GPIO_WritePin
                0x08005994        0xc ./Drivers/STM32G0xx_HAL_Driver/stm32g0xx_hal_gpio.o
                0x08005994                HAL_GPIO_WritePin
 .text.HAL_PWREx_ControlVoltageScaling
                0x080059a0       0x60 ./Drivers/STM32G0xx_HAL_Driver/stm32g0xx_hal_pwr_ex.o
                0x080059a0                HAL_PWREx_ControlVoltageScaling
 .text.HAL_RCC_OscConfig
                0x08005a00      0x4d0 ./Drivers/STM32G0xx_HAL_Driver/stm32g0xx_hal_rcc.o
                0x08005a00                HAL_RCC_OscConfig
 .text.HAL_RCC_GetSysClockFreq
                0x08005ed0       0x9c ./Drivers/STM32G0xx_HAL_Driver/stm32g0xx_hal_rcc.o
                0x08005ed0                HAL_RCC_GetSysClockFreq
 .text.HAL_RCC_ClockConfig
                0x08005f6c      0x190 ./Drivers/STM32G0xx_HAL_Driver/stm32g0xx_hal_rcc.o
                0x08005f6c                HAL_RCC_ClockConfig
 .text.HAL_RCC_GetHCLKFreq
                0x080060fc        0xc ./Drivers/STM32G0xx_HAL_Driver/stm32g0xx_hal_rcc.o
                0x080060fc                HAL_RCC_GetHCLKFreq
 .text.HAL_RCC_GetPCLK1Freq
                0x08006108       0x28 ./Drivers/STM32G0xx_HAL_Driver/stm32g0xx_hal_rcc.o
                0x08006108                HAL_RCC_GetPCLK1Freq
 .text.HAL_RCCEx_PeriphCLKConfig
                0x08006130      0x1ec ./Drivers/STM32G0xx_HAL_Driver/stm32g0xx_hal_rcc_ex.o
                0x08006130                HAL_RCCEx_PeriphCLKConfig
 .text.HAL_TIM_Base_Init
                0x0800631c      0x110 ./Drivers/STM32G0xx_HAL_Driver/stm32g0xx_hal_tim.o
                0x0800631c                HAL_TIM_Base_Init
 .text.HAL_TIM_PWM_MspInit
                0x0800642c        0x4 ./Drivers/STM32G0xx_HAL_Driver/stm32g0xx_hal_tim.o
                0x0800642c                HAL_TIM_PWM_MspInit
 .text.HAL_TIM_PWM_Init
                0x08006430      0x110 ./Drivers/STM32G0xx_HAL_Driver/stm32g0xx_hal_tim.o
                0x08006430                HAL_TIM_PWM_Init
 .text.HAL_TIM_PWM_ConfigChannel
                0x08006540      0x350 ./Drivers/STM32G0xx_HAL_Driver/stm32g0xx_hal_tim.o
                0x08006540                HAL_TIM_PWM_ConfigChannel
 .text.HAL_TIM_ConfigClockSource
                0x08006890      0x164 ./Drivers/STM32G0xx_HAL_Driver/stm32g0xx_hal_tim.o
                0x08006890                HAL_TIM_ConfigClockSource
 .text.HAL_TIMEx_MasterConfigSynchronization
                0x080069f4       0x70 ./Drivers/STM32G0xx_HAL_Driver/stm32g0xx_hal_tim_ex.o
                0x080069f4                HAL_TIMEx_MasterConfigSynchronization
 .text.HAL_TIMEx_ConfigBreakDeadTime
                0x08006a64       0xc0 ./Drivers/STM32G0xx_HAL_Driver/stm32g0xx_hal_tim_ex.o
                0x08006a64                HAL_TIMEx_ConfigBreakDeadTime
 .text.HAL_TIMEx_ConfigBreakInput
                0x08006b24       0x70 ./Drivers/STM32G0xx_HAL_Driver/stm32g0xx_hal_tim_ex.o
                0x08006b24                HAL_TIMEx_ConfigBreakInput
 .text.UART_AdvFeatureConfig
                0x08006b94       0xd0 ./Drivers/STM32G0xx_HAL_Driver/stm32g0xx_hal_uart.o
                0x08006b94                UART_AdvFeatureConfig
 .text.UART_CheckIdleState
                0x08006c64      0x2ac ./Drivers/STM32G0xx_HAL_Driver/stm32g0xx_hal_uart.o
                0x08006c64                UART_CheckIdleState
 .text.HAL_UART_Init
                0x08006f10      0x290 ./Drivers/STM32G0xx_HAL_Driver/stm32g0xx_hal_uart.o
                0x08006f10                HAL_UART_Init
 .text.HAL_UARTEx_DisableFifoMode
                0x080071a0       0x38 ./Drivers/STM32G0xx_HAL_Driver/stm32g0xx_hal_uart_ex.o
                0x080071a0                HAL_UARTEx_DisableFifoMode
 .text.HAL_UARTEx_SetTxFifoThreshold
                0x080071d8       0xa0 ./Drivers/STM32G0xx_HAL_Driver/stm32g0xx_hal_uart_ex.o
                0x080071d8                HAL_UARTEx_SetTxFifoThreshold
 .text.HAL_UARTEx_SetRxFifoThreshold
                0x08007278       0xa4 ./Drivers/STM32G0xx_HAL_Driver/stm32g0xx_hal_uart_ex.o
                0x08007278                HAL_UARTEx_SetRxFifoThreshold
 .text.VBS_GetAvBusVoltage_V
                0x0800731c        0xc ./Middlewares/MotorControl/bus_voltage_sensor.o
                0x0800731c                VBS_GetAvBusVoltage_V
 .text.NTC_Init
                0x08007328       0x20 ./Middlewares/MotorControl/ntc_temperature_sensor.o
                0x08007328                NTC_Init
 .text.NTC_CalcAvTemp
                0x08007348       0x50 ./Middlewares/MotorControl/ntc_temperature_sensor.o
                0x08007348                NTC_CalcAvTemp
 .text.NTC_GetAvTemp_C
                0x08007398       0x20 ./Middlewares/MotorControl/ntc_temperature_sensor.o
                0x08007398                NTC_GetAvTemp_C
 .text.PID_HandleInit
                0x080073b8       0x10 ./Middlewares/MotorControl/pid_regulator.o
                0x080073b8                PID_HandleInit
 .text.PID_SetKP
                0x080073c8        0x4 ./Middlewares/MotorControl/pid_regulator.o
                0x080073c8                PID_SetKP
 .text.PID_SetKI
                0x080073cc        0x4 ./Middlewares/MotorControl/pid_regulator.o
                0x080073cc                PID_SetKI
 .text.PID_GetKP
                0x080073d0        0x8 ./Middlewares/MotorControl/pid_regulator.o
                0x080073d0                PID_GetKP
 .text.PID_GetKI
                0x080073d8        0x8 ./Middlewares/MotorControl/pid_regulator.o
                0x080073d8                PID_GetKI
 .text.PID_SetIntegralTerm
                0x080073e0        0x4 ./Middlewares/MotorControl/pid_regulator.o
                0x080073e0                PID_SetIntegralTerm
 .text.PID_GetKPDivisorPOW2
                0x080073e4        0x4 ./Middlewares/MotorControl/pid_regulator.o
                0x080073e4                PID_GetKPDivisorPOW2
 .text.PID_SetKPDivisorPOW2
                0x080073e8        0xc ./Middlewares/MotorControl/pid_regulator.o
                0x080073e8                PID_SetKPDivisorPOW2
 .text.PID_GetKIDivisor
                0x080073f4        0x4 ./Middlewares/MotorControl/pid_regulator.o
                0x080073f4                PID_GetKIDivisor
 .text.PID_GetKIDivisorPOW2
                0x080073f8        0x4 ./Middlewares/MotorControl/pid_regulator.o
                0x080073f8                PID_GetKIDivisorPOW2
 .text.PID_SetLowerIntegralTermLimit
                0x080073fc        0x4 ./Middlewares/MotorControl/pid_regulator.o
                0x080073fc                PID_SetLowerIntegralTermLimit
 .text.PID_SetUpperIntegralTermLimit
                0x08007400        0x4 ./Middlewares/MotorControl/pid_regulator.o
                0x08007400                PID_SetUpperIntegralTermLimit
 .text.PID_SetKIDivisorPOW2
                0x08007404       0x2c ./Middlewares/MotorControl/pid_regulator.o
                0x08007404                PID_SetKIDivisorPOW2
 .text.PID_SetKD
                0x08007430        0x4 ./Middlewares/MotorControl/pid_regulator.o
                0x08007430                PID_SetKD
 .text.PID_GetKD
                0x08007434        0x8 ./Middlewares/MotorControl/pid_regulator.o
                0x08007434                PID_GetKD
 .text.PID_GetKDDivisorPOW2
                0x0800743c        0x4 ./Middlewares/MotorControl/pid_regulator.o
                0x0800743c                PID_GetKDDivisorPOW2
 .text.PID_SetKDDivisorPOW2
                0x08007440        0xc ./Middlewares/MotorControl/pid_regulator.o
                0x08007440                PID_SetKDDivisorPOW2
 .text.PI_Controller
                0x0800744c       0x7c ./Middlewares/MotorControl/pid_regulator.o
                0x0800744c                PI_Controller
 .text.RVBS_Init
                0x080074c8        0xc ./Middlewares/MotorControl/r_divider_bus_voltage_sensor.o
                0x080074c8                RVBS_Init
 .text.RVBS_CalcAvVbus
                0x080074d4       0x64 ./Middlewares/MotorControl/r_divider_bus_voltage_sensor.o
                0x080074d4                RVBS_CalcAvVbus
 .text.RUC_6S_Clear
                0x08007538       0x70 ./Middlewares/MotorControl/revup_ctrl_sixstep.o
                0x08007538                RUC_6S_Clear
 .text.RUC_6S_UpdatePulse
                0x080075a8       0x18 ./Middlewares/MotorControl/revup_ctrl_sixstep.o
                0x080075a8                RUC_6S_UpdatePulse
 .text.RUC_6S_Exec
                0x080075c0       0xfc ./Middlewares/MotorControl/revup_ctrl_sixstep.o
                0x080075c0                RUC_6S_Exec
 .text.RUC_6S_IsAlignStageNow
                0x080076bc       0x10 ./Middlewares/MotorControl/revup_ctrl_sixstep.o
                0x080076bc                RUC_6S_IsAlignStageNow
 .text.RUC_6S_ObserverSpeedReached
                0x080076cc       0x14 ./Middlewares/MotorControl/revup_ctrl_sixstep.o
                0x080076cc                RUC_6S_ObserverSpeedReached
 .text.SPD_GetAvrgMecSpeedUnit
                0x080076e0        0x8 ./Middlewares/MotorControl/speed_pos_fdbk_sixstep.o
                0x080076e0                SPD_GetAvrgMecSpeedUnit
 .text.SPD_IsMecSpeedReliable
                0x080076e8       0x40 ./Middlewares/MotorControl/speed_pos_fdbk_sixstep.o
                0x080076e8                SPD_IsMecSpeedReliable
 .text.memset   0x08007728       0x10 C:/ST/STM32CubeIDE_1.19.0/STM32CubeIDE/plugins/com.st.stm32cube.ide.mcu.externaltools.gnu-tools-for-stm32.13.3.rel1.win32_1.0.100.202509120712/tools/bin/../lib/gcc/arm-none-eabi/13.3.1/../../../../arm-none-eabi/lib/thumb/v6-m/nofp\libc_nano.a(libc_a-memset.o)
                0x08007728                memset
 .text.__libc_init_array
                0x08007738       0x48 C:/ST/STM32CubeIDE_1.19.0/STM32CubeIDE/plugins/com.st.stm32cube.ide.mcu.externaltools.gnu-tools-for-stm32.13.3.rel1.win32_1.0.100.202509120712/tools/bin/../lib/gcc/arm-none-eabi/13.3.1/../../../../arm-none-eabi/lib/thumb/v6-m/nofp\libc_nano.a(libc_a-init.o)
                0x08007738                __libc_init_array
 .text.memcpy   0x08007780       0x12 C:/ST/STM32CubeIDE_1.19.0/STM32CubeIDE/plugins/com.st.stm32cube.ide.mcu.externaltools.gnu-tools-for-stm32.13.3.rel1.win32_1.0.100.202509120712/tools/bin/../lib/gcc/arm-none-eabi/13.3.1/../../../../arm-none-eabi/lib/thumb/v6-m/nofp\libc_nano.a(libc_a-memcpy-stub.o)
                0x08007780                memcpy
 *(.glue_7)
 .glue_7        0x08007792        0x0 linker stubs
 *(.glue_7t)
 .glue_7t       0x08007792        0x0 linker stubs
 *(.eh_frame)
 *fill*         0x08007792        0x2 
 .eh_frame      0x08007794        0x0 C:/ST/STM32CubeIDE_1.19.0/STM32CubeIDE/plugins/com.st.stm32cube.ide.mcu.externaltools.gnu-tools-for-stm32.13.3.rel1.win32_1.0.100.202509120712/tools/bin/../lib/gcc/arm-none-eabi/13.3.1/thumb/v6-m/nofp/crtbegin.o
 *(.init)
 .init          0x08007794        0x4 C:/ST/STM32CubeIDE_1.19.0/STM32CubeIDE/plugins/com.st.stm32cube.ide.mcu.externaltools.gnu-tools-for-stm32.13.3.rel1.win32_1.0.100.202509120712/tools/bin/../lib/gcc/arm-none-eabi/13.3.1/thumb/v6-m/nofp/crti.o
                0x08007794                _init
 .init          0x08007798        0x8 C:/ST/STM32CubeIDE_1.19.0/STM32CubeIDE/plugins/com.st.stm32cube.ide.mcu.externaltools.gnu-tools-for-stm32.13.3.rel1.win32_1.0.100.202509120712/tools/bin/../lib/gcc/arm-none-eabi/13.3.1/thumb/v6-m/nofp/crtn.o
 *(.fini)
 .fini          0x080077a0        0x4 C:/ST/STM32CubeIDE_1.19.0/STM32CubeIDE/plugins/com.st.stm32cube.ide.mcu.externaltools.gnu-tools-for-stm32.13.3.rel1.win32_1.0.100.202509120712/tools/bin/../lib/gcc/arm-none-eabi/13.3.1/thumb/v6-m/nofp/crti.o
                0x080077a0                _fini
 .fini          0x080077a4        0x8 C:/ST/STM32CubeIDE_1.19.0/STM32CubeIDE/plugins/com.st.stm32cube.ide.mcu.externaltools.gnu-tools-for-stm32.13.3.rel1.win32_1.0.100.202509120712/tools/bin/../lib/gcc/arm-none-eabi/13.3.1/thumb/v6-m/nofp/crtn.o
                0x080077ac                        . = ALIGN (0x4)
                0x080077ac                        _etext = .

.vfp11_veneer   0x080077ac        0x0
 .vfp11_veneer  0x080077ac        0x0 linker stubs

.v4_bx          0x080077ac        0x0
 .v4_bx         0x080077ac        0x0 linker stubs

.iplt           0x080077ac        0x0
 .iplt          0x080077ac        0x0 C:/ST/STM32CubeIDE_1.19.0/STM32CubeIDE/plugins/com.st.stm32cube.ide.mcu.externaltools.gnu-tools-for-stm32.13.3.rel1.win32_1.0.100.202509120712/tools/bin/../lib/gcc/arm-none-eabi/13.3.1/thumb/v6-m/nofp/crtbegin.o

.rodata         0x080077ac      0x5fc
                0x080077ac                        . = ALIGN (0x4)
 *(.rodata)
 .rodata        0x080077ac       0x18 ./Application/User/bemf_ADC_fdbk_sixstep.o
 *(.rodata*)
 .rodata.CRC4_Lookup4
                0x080077c4       0x10 ./Application/User/aspep.o
 .rodata.CRC4_Lookup8
                0x080077d4      0x100 ./Application/User/aspep.o
 .rodata.M1_SixStepConfig_reg
                0x080078d4        0xd ./Application/User/mc_configuration_registers.o
 *fill*         0x080078e1        0x3 
 .rodata.M1_MotorConfig_reg
                0x080078e4       0x3c ./Application/User/mc_configuration_registers.o
 .rodata.M1_ApplicationConfig_reg
                0x08007920       0x10 ./Application/User/mc_configuration_registers.o
 .rodata.globalConfig_reg
                0x08007930        0xa ./Application/User/mc_configuration_registers.o
                0x08007930                globalConfig_reg
 *fill*         0x0800793a        0x2 
 .rodata.FIRMWARE_NAME
                0x0800793c       0x14 ./Application/User/mc_configuration_registers.o
                0x0800793c                FIRMWARE_NAME
 .rodata.M1_PWR_BOARD
                0x08007950        0xe ./Application/User/mc_configuration_registers.o
 *fill*         0x0800795e        0x2 
 .rodata.CTL_BOARD
                0x08007960        0xe ./Application/User/mc_configuration_registers.o
                0x08007960                CTL_BOARD
 *fill*         0x0800796e        0x2 
 .rodata.PWMC_ParamsM1
                0x08007970       0x1c ./Application/User/mc_parameters.o
                0x08007970                PWMC_ParamsM1
 .rodata.TSK_MediumFrequencyTaskM1
                0x0800798c       0x44 ./Application/User/mc_tasks_sixstep.o
 .rodata.MCP_ReceivedPacket
                0x080079d0       0xe4 ./Application/User/mcp.o
 .rodata.RI_SetRegisterGlobal
                0x08007ab4       0x84 ./Application/User/sync_registers.o
 .rodata.RI_SetRegisterMotor1
                0x08007b38       0x84 ./Application/User/sync_registers.o
 .rodata.RI_GetRegisterGlobal
                0x08007bbc       0x84 ./Application/User/sync_registers.o
 .rodata.RI_GetRegisterMotor1
                0x08007c40       0x84 ./Application/User/sync_registers.o
 .rodata.CHANNEL_OFFSET_TAB
                0x08007cc4        0x5 ./Application/User/usart_aspep_driver.o
 *fill*         0x08007cc9        0x3 
 .rodata.APBPrescTable
                0x08007ccc       0x20 ./Drivers/CMSIS/system_stm32g0xx.o
                0x08007ccc                APBPrescTable
 .rodata.AHBPrescTable
                0x08007cec       0x40 ./Drivers/CMSIS/system_stm32g0xx.o
                0x08007cec                AHBPrescTable
 .rodata.HAL_TIM_PWM_ConfigChannel
                0x08007d2c       0x54 ./Drivers/STM32G0xx_HAL_Driver/stm32g0xx_hal_tim.o
 .rodata.UARTPrescTable
                0x08007d80       0x18 ./Drivers/STM32G0xx_HAL_Driver/stm32g0xx_hal_uart.o
                0x08007d80                UARTPrescTable
 .rodata.denominator.0
                0x08007d98        0x8 ./Drivers/STM32G0xx_HAL_Driver/stm32g0xx_hal_uart_ex.o
 .rodata.numerator.1
                0x08007da0        0x8 ./Drivers/STM32G0xx_HAL_Driver/stm32g0xx_hal_uart_ex.o
                0x08007da8                        . = ALIGN (0x4)

.ARM.extab      0x08007da8        0x0
                0x08007da8                        . = ALIGN (0x4)
 *(.ARM.extab* .gnu.linkonce.armextab.*)
                0x08007da8                        . = ALIGN (0x4)

.ARM            0x08007da8        0x8
                0x08007da8                        . = ALIGN (0x4)
                0x08007da8                        __exidx_start = .
 *(.ARM.exidx*)
 .ARM.exidx     0x08007da8        0x8 C:/ST/STM32CubeIDE_1.19.0/STM32CubeIDE/plugins/com.st.stm32cube.ide.mcu.externaltools.gnu-tools-for-stm32.13.3.rel1.win32_1.0.100.202509120712/tools/bin/../lib/gcc/arm-none-eabi/13.3.1/thumb/v6-m/nofp\libgcc.a(_udivmoddi4.o)
                0x08007db0                        __exidx_end = .
                0x08007db0                        . = ALIGN (0x4)

.preinit_array  0x08007db0        0x0
                0x08007db0                        . = ALIGN (0x4)
                0x08007db0                        PROVIDE (__preinit_array_start = .)
 *(.preinit_array*)
                0x08007db0                        PROVIDE (__preinit_array_end = .)
                0x08007db0                        . = ALIGN (0x4)

.init_array     0x08007db0        0x4
                0x08007db0                        . = ALIGN (0x4)
                0x08007db0                        PROVIDE (__init_array_start = .)
 *(SORT_BY_NAME(.init_array.*))
 *(.init_array*)
 .init_array    0x08007db0        0x4 C:/ST/STM32CubeIDE_1.19.0/STM32CubeIDE/plugins/com.st.stm32cube.ide.mcu.externaltools.gnu-tools-for-stm32.13.3.rel1.win32_1.0.100.202509120712/tools/bin/../lib/gcc/arm-none-eabi/13.3.1/thumb/v6-m/nofp/crtbegin.o
                0x08007db4                        PROVIDE (__init_array_end = .)
                0x08007db4                        . = ALIGN (0x4)

.fini_array     0x08007db4        0x4
                0x08007db4                        . = ALIGN (0x4)
                [!provide]                        PROVIDE (__fini_array_start = .)
 *(SORT_BY_NAME(.fini_array.*))
 *(.fini_array*)
 .fini_array    0x08007db4        0x4 C:/ST/STM32CubeIDE_1.19.0/STM32CubeIDE/plugins/com.st.stm32cube.ide.mcu.externaltools.gnu-tools-for-stm32.13.3.rel1.win32_1.0.100.202509120712/tools/bin/../lib/gcc/arm-none-eabi/13.3.1/thumb/v6-m/nofp/crtbegin.o
                [!provide]                        PROVIDE (__fini_array_end = .)
                0x08007db8                        . = ALIGN (0x4)
                0x08007db8                        _sidata = LOADADDR (.data)

.rel.dyn        0x08007db8        0x0
 .rel.iplt      0x08007db8        0x0 C:/ST/STM32CubeIDE_1.19.0/STM32CubeIDE/plugins/com.st.stm32cube.ide.mcu.externaltools.gnu-tools-for-stm32.13.3.rel1.win32_1.0.100.202509120712/tools/bin/../lib/gcc/arm-none-eabi/13.3.1/thumb/v6-m/nofp/crtbegin.o

.data           0x20000000      0x3e8 load address 0x08007db8
                0x20000000                        . = ALIGN (0x4)
                0x20000000                        _sdata = .
 *(.data)
 *(.data*)
 .data.Mci      0x20000000       0x24 ./Application/User/mc_config.o
                0x20000000                Mci
 .data.pSDC     0x20000024        0x4 ./Application/User/mc_config.o
                0x20000024                pSDC
 .data.PWM_Handle_M1
                0x20000028       0x30 ./Application/User/mc_config.o
                0x20000028                PWM_Handle_M1
 .data.Bemf_ADC_M1
                0x20000058       0xcc ./Application/User/mc_config.o
                0x20000058                Bemf_ADC_M1
 .data.RevUpControlM1
                0x20000124       0x70 ./Application/User/mc_config.o
                0x20000124                RevUpControlM1
 .data.SpeednDutyCtrlM1
                0x20000194       0x30 ./Application/User/mc_config.o
 .data.PIDSpeedHandle_M1
                0x200001c4       0x2c ./Application/User/mc_config.o
                0x200001c4                PIDSpeedHandle_M1
 .data.BusVoltageSensor_M1
                0x200001f0       0x12 ./Application/User/mc_config_common.o
                0x200001f0                BusVoltageSensor_M1
 *fill*         0x20000202        0x2 
 .data.VbusRegConv_M1
                0x20000204       0x10 ./Application/User/mc_config_common.o
                0x20000204                VbusRegConv_M1
 .data.TempSensor_M1
                0x20000214       0x18 ./Application/User/mc_config_common.o
                0x20000214                TempSensor_M1
 .data.TempRegConv_M1
                0x2000022c       0x10 ./Application/User/mc_config_common.o
                0x2000022c                TempRegConv_M1
 .data.ApplicationConfig_reg
                0x2000023c        0x4 ./Application/User/mc_configuration_registers.o
                0x2000023c                ApplicationConfig_reg
 .data.MotorConfig_reg
                0x20000240        0x4 ./Application/User/mc_configuration_registers.o
                0x20000240                MotorConfig_reg
 .data.SixStepConfig_reg
                0x20000244        0x4 ./Application/User/mc_configuration_registers.o
                0x20000244                SixStepConfig_reg
 .data.PWR_BOARD_NAME
                0x20000248        0x4 ./Application/User/mc_configuration_registers.o
                0x20000248                PWR_BOARD_NAME
 .data.scaleParams_M1
                0x2000024c       0x10 ./Application/User/mc_parameters.o
                0x2000024c                scaleParams_M1
 .data.SixPwm_TimerCfgM1
                0x2000025c       0xfc ./Application/User/mc_parameters.o
                0x2000025c                SixPwm_TimerCfgM1
 .data.MCP_Over_UartA
                0x20000358       0x10 ./Application/User/mcp_config.o
                0x20000358                MCP_Over_UartA
 .data.aspepOverUartA
                0x20000368       0x5c ./Application/User/mcp_config.o
                0x20000368                aspepOverUartA
 .data.UASPEP_A
                0x200003c4       0x14 ./Application/User/mcp_config.o
 .data.SystickDividerCounter.0
                0x200003d8        0x1 ./Application/User/stm32_mc_common_it.o
 *fill*         0x200003d9        0x3 
 .data.SystemCoreClock
                0x200003dc        0x4 ./Drivers/CMSIS/system_stm32g0xx.o
                0x200003dc                SystemCoreClock
 .data.uwTickFreq
                0x200003e0        0x1 ./Drivers/STM32G0xx_HAL_Driver/stm32g0xx_hal.o
                0x200003e0                uwTickFreq
 *fill*         0x200003e1        0x3 
 .data.uwTickPrio
                0x200003e4        0x4 ./Drivers/STM32G0xx_HAL_Driver/stm32g0xx_hal.o
                0x200003e4                uwTickPrio
 *(.RamFunc)
 *(.RamFunc*)
                0x200003e8                        . = ALIGN (0x4)
                0x200003e8                        _edata = .

.igot.plt       0x200003e8        0x0 load address 0x080081a0
 .igot.plt      0x200003e8        0x0 C:/ST/STM32CubeIDE_1.19.0/STM32CubeIDE/plugins/com.st.stm32cube.ide.mcu.externaltools.gnu-tools-for-stm32.13.3.rel1.win32_1.0.100.202509120712/tools/bin/../lib/gcc/arm-none-eabi/13.3.1/thumb/v6-m/nofp/crtbegin.o
                0x200003e8                        . = ALIGN (0x4)

.bss            0x200003e8      0x3a4 load address 0x080081a0
                0x200003e8                        _sbss = .
                0x200003e8                        __bss_start__ = _sbss
 *(.bss)
 .bss           0x200003e8       0x1c C:/ST/STM32CubeIDE_1.19.0/STM32CubeIDE/plugins/com.st.stm32cube.ide.mcu.externaltools.gnu-tools-for-stm32.13.3.rel1.win32_1.0.100.202509120712/tools/bin/../lib/gcc/arm-none-eabi/13.3.1/thumb/v6-m/nofp/crtbegin.o
 *(.bss*)
 .bss.hdma_usart1_tx
                0x20000404       0x5c ./Application/User/main.o
                0x20000404                hdma_usart1_tx
 .bss.hdma_usart1_rx
                0x20000460       0x5c ./Application/User/main.o
                0x20000460                hdma_usart1_rx
 .bss.huart1    0x200004bc       0x94 ./Application/User/main.o
                0x200004bc                huart1
 .bss.htim2     0x20000550       0x4c ./Application/User/main.o
                0x20000550                htim2
 .bss.htim1     0x2000059c       0x4c ./Application/User/main.o
                0x2000059c                htim1
 .bss.hadc1     0x200005e8       0x64 ./Application/User/main.o
                0x200005e8                hadc1
 .bss.SixStepVars
                0x2000064c        0x4 ./Application/User/mc_config.o
                0x2000064c                SixStepVars
 .bss.pwmcHandle
                0x20000650        0x4 ./Application/User/mc_config_common.o
                0x20000650                pwmcHandle
 .bss.bMCBootCompleted
                0x20000654        0x1 ./Application/User/mc_tasks.o
 *fill*         0x20000655        0x1 
 .bss.hStopPermanencyCounterM1
                0x20000656        0x2 ./Application/User/mc_tasks.o
 .bss.hBootCapDelayCounterM1
                0x20000658        0x2 ./Application/User/mc_tasks.o
 .bss.hMFTaskCounterM1
                0x2000065a        0x2 ./Application/User/mc_tasks.o
 .bss.MCP_UserCallBack
                0x2000065c        0x8 ./Application/User/mcp_config.o
                0x2000065c                MCP_UserCallBack
 .bss.MCPSyncRXBuff
                0x20000664       0x82 ./Application/User/mcp_config.o
 *fill*         0x200006e6        0x2 
 .bss.MCPSyncTxBuff
                0x200006e8       0x86 ./Application/User/mcp_config.o
 *fill*         0x2000076e        0x2 
 .bss.pMCI      0x20000770        0x4 ./Application/User/motorcontrol.o
                0x20000770                pMCI
 .bss.RCM_conversion_nb
                0x20000774        0x1 ./Application/User/regular_conversion_manager.o
 .bss.RCM_array_index
                0x20000775        0x1 ./Application/User/regular_conversion_manager.o
 *fill*         0x20000776        0x2 
 .bss.RCM_handle_array
                0x20000778       0x10 ./Application/User/regular_conversion_manager.o
 .bss.uwTick    0x20000788        0x4 ./Drivers/STM32G0xx_HAL_Driver/stm32g0xx_hal.o
                0x20000788                uwTick
 *(COMMON)
                0x2000078c                        . = ALIGN (0x4)
                0x2000078c                        _ebss = .
                0x2000078c                        __bss_end__ = _ebss

._user_heap_stack
                0x2000078c      0x604 load address 0x080081a0
                0x20000790                        . = ALIGN (0x8)
 *fill*         0x2000078c        0x4 
                [!provide]                        PROVIDE (end = .)
                0x20000790                        PROVIDE (_end = .)
                0x20000990                        . = (. + _Min_Heap_Size)
 *fill*         0x20000790      0x200 
                0x20000d90                        . = (. + _Min_Stack_Size)
 *fill*         0x20000990      0x400 
                0x20000d90                        . = ALIGN (0x8)

/DISCARD/
 libc.a(*)
 libm.a(*)
 libgcc.a(*)

.ARM.attributes
                0x00000000       0x28
 *(.ARM.attributes)
 .ARM.attributes
                0x00000000       0x1e C:/ST/STM32CubeIDE_1.19.0/STM32CubeIDE/plugins/com.st.stm32cube.ide.mcu.externaltools.gnu-tools-for-stm32.13.3.rel1.win32_1.0.100.202509120712/tools/bin/../lib/gcc/arm-none-eabi/13.3.1/thumb/v6-m/nofp/crti.o
 .ARM.attributes
                0x0000001e       0x2c C:/ST/STM32CubeIDE_1.19.0/STM32CubeIDE/plugins/com.st.stm32cube.ide.mcu.externaltools.gnu-tools-for-stm32.13.3.rel1.win32_1.0.100.202509120712/tools/bin/../lib/gcc/arm-none-eabi/13.3.1/thumb/v6-m/nofp/crtbegin.o
 .ARM.attributes
                0x0000004a       0x22 ./Application/Startup/startup_stm32g031c8tx.o
 .ARM.attributes
                0x0000006c       0x28 ./Application/User/aspep.o
 .ARM.attributes
                0x00000094       0x28 ./Application/User/bemf_ADC_fdbk_sixstep.o
 .ARM.attributes
                0x000000bc       0x28 ./Application/User/main.o
 .ARM.attributes
                0x000000e4       0x28 ./Application/User/mc_api.o
 .ARM.attributes
                0x0000010c       0x28 ./Application/User/mc_app_hooks.o
 .ARM.attributes
                0x00000134       0x28 ./Application/User/mc_config.o
 .ARM.attributes
                0x0000015c       0x28 ./Application/User/mc_config_common.o
 .ARM.attributes
                0x00000184       0x28 ./Application/User/mc_configuration_registers.o
 .ARM.attributes
                0x000001ac       0x28 ./Application/User/mc_interface.o
 .ARM.attributes
                0x000001d4       0x28 ./Application/User/mc_parameters.o
 .ARM.attributes
                0x000001fc       0x28 ./Application/User/mc_tasks.o
 .ARM.attributes
                0x00000224       0x28 ./Application/User/mc_tasks_sixstep.o
 .ARM.attributes
                0x0000024c       0x28 ./Application/User/mcp.o
 .ARM.attributes
                0x00000274       0x28 ./Application/User/mcp_config.o
 .ARM.attributes
                0x0000029c       0x28 ./Application/User/motorcontrol.o
 .ARM.attributes
                0x000002c4       0x28 ./Application/User/pwmc_sixstep.o
 .ARM.attributes
                0x000002ec       0x28 ./Application/User/regular_conversion_manager.o
 .ARM.attributes
                0x00000314       0x28 ./Application/User/speed_duty_ctrl.o
 .ARM.attributes
                0x0000033c       0x28 ./Application/User/stm32_mc_common_it.o
 .ARM.attributes
                0x00000364       0x28 ./Application/User/stm32g0xx_hal_msp.o
 .ARM.attributes
                0x0000038c       0x28 ./Application/User/stm32g0xx_mc_it.o
 .ARM.attributes
                0x000003b4       0x28 ./Application/User/sync_registers.o
 .ARM.attributes
                0x000003dc       0x28 ./Application/User/usart_aspep_driver.o
 .ARM.attributes
                0x00000404       0x28 ./Drivers/CMSIS/system_stm32g0xx.o
 .ARM.attributes
                0x0000042c       0x28 ./Drivers/STM32G0xx_HAL_Driver/stm32g0xx_hal.o
 .ARM.attributes
                0x00000454       0x28 ./Drivers/STM32G0xx_HAL_Driver/stm32g0xx_hal_adc.o
 .ARM.attributes
                0x0000047c       0x28 ./Drivers/STM32G0xx_HAL_Driver/stm32g0xx_hal_cortex.o
 .ARM.attributes
                0x000004a4       0x28 ./Drivers/STM32G0xx_HAL_Driver/stm32g0xx_hal_dma.o
 .ARM.attributes
                0x000004cc       0x28 ./Drivers/STM32G0xx_HAL_Driver/stm32g0xx_hal_gpio.o
 .ARM.attributes
                0x000004f4       0x28 ./Drivers/STM32G0xx_HAL_Driver/stm32g0xx_hal_pwr_ex.o
 .ARM.attributes
                0x0000051c       0x28 ./Drivers/STM32G0xx_HAL_Driver/stm32g0xx_hal_rcc.o
 .ARM.attributes
                0x00000544       0x28 ./Drivers/STM32G0xx_HAL_Driver/stm32g0xx_hal_rcc_ex.o
 .ARM.attributes
                0x0000056c       0x28 ./Drivers/STM32G0xx_HAL_Driver/stm32g0xx_hal_tim.o
 .ARM.attributes
                0x00000594       0x28 ./Drivers/STM32G0xx_HAL_Driver/stm32g0xx_hal_tim_ex.o
 .ARM.attributes
                0x000005bc       0x28 ./Drivers/STM32G0xx_HAL_Driver/stm32g0xx_hal_uart.o
 .ARM.attributes
                0x000005e4       0x28 ./Drivers/STM32G0xx_HAL_Driver/stm32g0xx_hal_uart_ex.o
 .ARM.attributes
                0x0000060c       0x28 ./Middlewares/MotorControl/bus_voltage_sensor.o
 .ARM.attributes
                0x00000634       0x28 ./Middlewares/MotorControl/ntc_temperature_sensor.o
 .ARM.attributes
                0x0000065c       0x28 ./Middlewares/MotorControl/pid_regulator.o
 .ARM.attributes
                0x00000684       0x28 ./Middlewares/MotorControl/r_divider_bus_voltage_sensor.o
 .ARM.attributes
                0x000006ac       0x28 ./Middlewares/MotorControl/revup_ctrl_sixstep.o
 .ARM.attributes
                0x000006d4       0x28 ./Middlewares/MotorControl/speed_pos_fdbk_sixstep.o
 .ARM.attributes
                0x000006fc       0x2c C:/ST/STM32CubeIDE_1.19.0/STM32CubeIDE/plugins/com.st.stm32cube.ide.mcu.externaltools.gnu-tools-for-stm32.13.3.rel1.win32_1.0.100.202509120712/tools/bin/../lib/gcc/arm-none-eabi/13.3.1/../../../../arm-none-eabi/lib/thumb/v6-m/nofp\libc_nano.a(libc_a-memset.o)
 .ARM.attributes
                0x00000728       0x2c C:/ST/STM32CubeIDE_1.19.0/STM32CubeIDE/plugins/com.st.stm32cube.ide.mcu.externaltools.gnu-tools-for-stm32.13.3.rel1.win32_1.0.100.202509120712/tools/bin/../lib/gcc/arm-none-eabi/13.3.1/../../../../arm-none-eabi/lib/thumb/v6-m/nofp\libc_nano.a(libc_a-init.o)
 .ARM.attributes
                0x00000754       0x2c C:/ST/STM32CubeIDE_1.19.0/STM32CubeIDE/plugins/com.st.stm32cube.ide.mcu.externaltools.gnu-tools-for-stm32.13.3.rel1.win32_1.0.100.202509120712/tools/bin/../lib/gcc/arm-none-eabi/13.3.1/../../../../arm-none-eabi/lib/thumb/v6-m/nofp\libc_nano.a(libc_a-memcpy-stub.o)
 .ARM.attributes
                0x00000780       0x1e C:/ST/STM32CubeIDE_1.19.0/STM32CubeIDE/plugins/com.st.stm32cube.ide.mcu.externaltools.gnu-tools-for-stm32.13.3.rel1.win32_1.0.100.202509120712/tools/bin/../lib/gcc/arm-none-eabi/13.3.1/thumb/v6-m/nofp\libgcc.a(_udivsi3.o)
 .ARM.attributes
                0x0000079e       0x1e C:/ST/STM32CubeIDE_1.19.0/STM32CubeIDE/plugins/com.st.stm32cube.ide.mcu.externaltools.gnu-tools-for-stm32.13.3.rel1.win32_1.0.100.202509120712/tools/bin/../lib/gcc/arm-none-eabi/13.3.1/thumb/v6-m/nofp\libgcc.a(_divsi3.o)
 .ARM.attributes
                0x000007bc       0x1e C:/ST/STM32CubeIDE_1.19.0/STM32CubeIDE/plugins/com.st.stm32cube.ide.mcu.externaltools.gnu-tools-for-stm32.13.3.rel1.win32_1.0.100.202509120712/tools/bin/../lib/gcc/arm-none-eabi/13.3.1/thumb/v6-m/nofp\libgcc.a(_dvmd_tls.o)
 .ARM.attributes
                0x000007da       0x1e C:/ST/STM32CubeIDE_1.19.0/STM32CubeIDE/plugins/com.st.stm32cube.ide.mcu.externaltools.gnu-tools-for-stm32.13.3.rel1.win32_1.0.100.202509120712/tools/bin/../lib/gcc/arm-none-eabi/13.3.1/thumb/v6-m/nofp\libgcc.a(_aeabi_uldivmod.o)
 .ARM.attributes
                0x000007f8       0x2c C:/ST/STM32CubeIDE_1.19.0/STM32CubeIDE/plugins/com.st.stm32cube.ide.mcu.externaltools.gnu-tools-for-stm32.13.3.rel1.win32_1.0.100.202509120712/tools/bin/../lib/gcc/arm-none-eabi/13.3.1/thumb/v6-m/nofp\libgcc.a(_fixunsdfsi.o)
 .ARM.attributes
                0x00000824       0x2c C:/ST/STM32CubeIDE_1.19.0/STM32CubeIDE/plugins/com.st.stm32cube.ide.mcu.externaltools.gnu-tools-for-stm32.13.3.rel1.win32_1.0.100.202509120712/tools/bin/../lib/gcc/arm-none-eabi/13.3.1/thumb/v6-m/nofp\libgcc.a(_udivmoddi4.o)
 .ARM.attributes
                0x00000850       0x2c C:/ST/STM32CubeIDE_1.19.0/STM32CubeIDE/plugins/com.st.stm32cube.ide.mcu.externaltools.gnu-tools-for-stm32.13.3.rel1.win32_1.0.100.202509120712/tools/bin/../lib/gcc/arm-none-eabi/13.3.1/thumb/v6-m/nofp\libgcc.a(muldf3.o)
 .ARM.attributes
                0x0000087c       0x2c C:/ST/STM32CubeIDE_1.19.0/STM32CubeIDE/plugins/com.st.stm32cube.ide.mcu.externaltools.gnu-tools-for-stm32.13.3.rel1.win32_1.0.100.202509120712/tools/bin/../lib/gcc/arm-none-eabi/13.3.1/thumb/v6-m/nofp\libgcc.a(subdf3.o)
 .ARM.attributes
                0x000008a8       0x2c C:/ST/STM32CubeIDE_1.19.0/STM32CubeIDE/plugins/com.st.stm32cube.ide.mcu.externaltools.gnu-tools-for-stm32.13.3.rel1.win32_1.0.100.202509120712/tools/bin/../lib/gcc/arm-none-eabi/13.3.1/thumb/v6-m/nofp\libgcc.a(fixdfsi.o)
 .ARM.attributes
                0x000008d4       0x2c C:/ST/STM32CubeIDE_1.19.0/STM32CubeIDE/plugins/com.st.stm32cube.ide.mcu.externaltools.gnu-tools-for-stm32.13.3.rel1.win32_1.0.100.202509120712/tools/bin/../lib/gcc/arm-none-eabi/13.3.1/thumb/v6-m/nofp\libgcc.a(floatsidf.o)
 .ARM.attributes
                0x00000900       0x1e C:/ST/STM32CubeIDE_1.19.0/STM32CubeIDE/plugins/com.st.stm32cube.ide.mcu.externaltools.gnu-tools-for-stm32.13.3.rel1.win32_1.0.100.202509120712/tools/bin/../lib/gcc/arm-none-eabi/13.3.1/thumb/v6-m/nofp\libgcc.a(_arm_cmpdf2.o)
 .ARM.attributes
                0x0000091e       0x1e C:/ST/STM32CubeIDE_1.19.0/STM32CubeIDE/plugins/com.st.stm32cube.ide.mcu.externaltools.gnu-tools-for-stm32.13.3.rel1.win32_1.0.100.202509120712/tools/bin/../lib/gcc/arm-none-eabi/13.3.1/thumb/v6-m/nofp\libgcc.a(_clzsi2.o)
 .ARM.attributes
                0x0000093c       0x1e C:/ST/STM32CubeIDE_1.19.0/STM32CubeIDE/plugins/com.st.stm32cube.ide.mcu.externaltools.gnu-tools-for-stm32.13.3.rel1.win32_1.0.100.202509120712/tools/bin/../lib/gcc/arm-none-eabi/13.3.1/thumb/v6-m/nofp\libgcc.a(_clzdi2.o)
 .ARM.attributes
                0x0000095a       0x2c C:/ST/STM32CubeIDE_1.19.0/STM32CubeIDE/plugins/com.st.stm32cube.ide.mcu.externaltools.gnu-tools-for-stm32.13.3.rel1.win32_1.0.100.202509120712/tools/bin/../lib/gcc/arm-none-eabi/13.3.1/thumb/v6-m/nofp\libgcc.a(eqdf2.o)
 .ARM.attributes
                0x00000986       0x2c C:/ST/STM32CubeIDE_1.19.0/STM32CubeIDE/plugins/com.st.stm32cube.ide.mcu.externaltools.gnu-tools-for-stm32.13.3.rel1.win32_1.0.100.202509120712/tools/bin/../lib/gcc/arm-none-eabi/13.3.1/thumb/v6-m/nofp\libgcc.a(gedf2.o)
 .ARM.attributes
                0x000009b2       0x2c C:/ST/STM32CubeIDE_1.19.0/STM32CubeIDE/plugins/com.st.stm32cube.ide.mcu.externaltools.gnu-tools-for-stm32.13.3.rel1.win32_1.0.100.202509120712/tools/bin/../lib/gcc/arm-none-eabi/13.3.1/thumb/v6-m/nofp\libgcc.a(ledf2.o)
 .ARM.attributes
                0x000009de       0x1e C:/ST/STM32CubeIDE_1.19.0/STM32CubeIDE/plugins/com.st.stm32cube.ide.mcu.externaltools.gnu-tools-for-stm32.13.3.rel1.win32_1.0.100.202509120712/tools/bin/../lib/gcc/arm-none-eabi/13.3.1/thumb/v6-m/nofp/crtn.o
OUTPUT(test6step.elf elf32-littlearm)
LOAD linker stubs
LOAD C:/ST/STM32CubeIDE_1.19.0/STM32CubeIDE/plugins/com.st.stm32cube.ide.mcu.externaltools.gnu-tools-for-stm32.13.3.rel1.win32_1.0.100.202509120712/tools/bin/../lib/gcc/arm-none-eabi/13.3.1/../../../../arm-none-eabi/lib/thumb/v6-m/nofp\libc.a
LOAD C:/ST/STM32CubeIDE_1.19.0/STM32CubeIDE/plugins/com.st.stm32cube.ide.mcu.externaltools.gnu-tools-for-stm32.13.3.rel1.win32_1.0.100.202509120712/tools/bin/../lib/gcc/arm-none-eabi/13.3.1/../../../../arm-none-eabi/lib/thumb/v6-m/nofp\libm.a
LOAD C:/ST/STM32CubeIDE_1.19.0/STM32CubeIDE/plugins/com.st.stm32cube.ide.mcu.externaltools.gnu-tools-for-stm32.13.3.rel1.win32_1.0.100.202509120712/tools/bin/../lib/gcc/arm-none-eabi/13.3.1/thumb/v6-m/nofp\libgcc.a

.debug_line     0x00000000    0x36e5b
 .debug_line    0x00000000       0x7b ./Application/Startup/startup_stm32g031c8tx.o
 .debug_line    0x0000007b     0x15b8 ./Application/User/aspep.o
 .debug_line    0x00001633     0x1a20 ./Application/User/bemf_ADC_fdbk_sixstep.o
 .debug_line    0x00003053     0x1679 ./Application/User/main.o
 .debug_line    0x000046cc      0xe65 ./Application/User/mc_api.o
 .debug_line    0x00005531      0x917 ./Application/User/mc_app_hooks.o
 .debug_line    0x00005e48      0xb5b ./Application/User/mc_config.o
 .debug_line    0x000069a3      0xb62 ./Application/User/mc_config_common.o
 .debug_line    0x00007505      0xa6e ./Application/User/mc_configuration_registers.o
 .debug_line    0x00007f73     0x1285 ./Application/User/mc_interface.o
 .debug_line    0x000091f8      0xb4c ./Application/User/mc_parameters.o
 .debug_line    0x00009d44     0x10ee ./Application/User/mc_tasks.o
 .debug_line    0x0000ae32      0xfd5 ./Application/User/mc_tasks_sixstep.o
 .debug_line    0x0000be07     0x107c ./Application/User/mcp.o
 .debug_line    0x0000ce83      0x9f2 ./Application/User/mcp_config.o
 .debug_line    0x0000d875      0xb9d ./Application/User/motorcontrol.o
 .debug_line    0x0000e412     0x1085 ./Application/User/pwmc_sixstep.o
 .debug_line    0x0000f497      0xf7a ./Application/User/regular_conversion_manager.o
 .debug_line    0x00010411      0xc6f ./Application/User/speed_duty_ctrl.o
 .debug_line    0x00011080     0x117e ./Application/User/stm32_mc_common_it.o
 .debug_line    0x000121fe      0xfe8 ./Application/User/stm32g0xx_hal_msp.o
 .debug_line    0x000131e6      0xd21 ./Application/User/stm32g0xx_mc_it.o
 .debug_line    0x00013f07     0x1f4d ./Application/User/sync_registers.o
 .debug_line    0x00015e54     0x110c ./Application/User/usart_aspep_driver.o
 .debug_line    0x00016f60      0x8e0 ./Drivers/CMSIS/system_stm32g0xx.o
 .debug_line    0x00017840      0xd7c ./Drivers/STM32G0xx_HAL_Driver/stm32g0xx_hal.o
 .debug_line    0x000185bc     0x23cb ./Drivers/STM32G0xx_HAL_Driver/stm32g0xx_hal_adc.o
 .debug_line    0x0001a987      0xd25 ./Drivers/STM32G0xx_HAL_Driver/stm32g0xx_hal_cortex.o
 .debug_line    0x0001b6ac     0x1344 ./Drivers/STM32G0xx_HAL_Driver/stm32g0xx_hal_dma.o
 .debug_line    0x0001c9f0     0x1121 ./Drivers/STM32G0xx_HAL_Driver/stm32g0xx_hal_gpio.o
 .debug_line    0x0001db11      0xd1a ./Drivers/STM32G0xx_HAL_Driver/stm32g0xx_hal_pwr_ex.o
 .debug_line    0x0001e82b     0x168b ./Drivers/STM32G0xx_HAL_Driver/stm32g0xx_hal_rcc.o
 .debug_line    0x0001feb6      0xf8c ./Drivers/STM32G0xx_HAL_Driver/stm32g0xx_hal_rcc_ex.o
 .debug_line    0x00020e42     0x6cb0 ./Drivers/STM32G0xx_HAL_Driver/stm32g0xx_hal_tim.o
 .debug_line    0x00027af2     0x20c3 ./Drivers/STM32G0xx_HAL_Driver/stm32g0xx_hal_tim_ex.o
 .debug_line    0x00029bb5     0x7910 ./Drivers/STM32G0xx_HAL_Driver/stm32g0xx_hal_uart.o
 .debug_line    0x000314c5     0x13dd ./Drivers/STM32G0xx_HAL_Driver/stm32g0xx_hal_uart_ex.o
 .debug_line    0x000328a2      0x9cb ./Middlewares/MotorControl/bus_voltage_sensor.o
 .debug_line    0x0003326d      0xacb ./Middlewares/MotorControl/ntc_temperature_sensor.o
 .debug_line    0x00033d38      0xe32 ./Middlewares/MotorControl/pid_regulator.o
 .debug_line    0x00034b6a      0xafd ./Middlewares/MotorControl/r_divider_bus_voltage_sensor.o
 .debug_line    0x00035667      0xd82 ./Middlewares/MotorControl/revup_ctrl_sixstep.o
 .debug_line    0x000363e9      0xa72 ./Middlewares/MotorControl/speed_pos_fdbk_sixstep.o

.debug_line_str
                0x00000000       0x72
 .debug_line_str
                0x00000000       0x72 ./Application/Startup/startup_stm32g031c8tx.o

.debug_info     0x00000000    0x33076
 .debug_info    0x00000000       0x30 ./Application/Startup/startup_stm32g031c8tx.o
 .debug_info    0x00000030     0x108a ./Application/User/aspep.o
 .debug_info    0x000010ba     0x20c7 ./Application/User/bemf_ADC_fdbk_sixstep.o
 .debug_info    0x00003181     0x2716 ./Application/User/main.o
 .debug_info    0x00005897     0x118a ./Application/User/mc_api.o
 .debug_info    0x00006a21      0x1d5 ./Application/User/mc_app_hooks.o
 .debug_info    0x00006bf6     0x1270 ./Application/User/mc_config.o
 .debug_info    0x00007e66      0xa14 ./Application/User/mc_config_common.o
 .debug_info    0x0000887a      0x574 ./Application/User/mc_configuration_registers.o
 .debug_info    0x00008dee     0x173a ./Application/User/mc_interface.o
 .debug_info    0x0000a528      0x5a2 ./Application/User/mc_parameters.o
 .debug_info    0x0000aaca     0x1c52 ./Application/User/mc_tasks.o
 .debug_info    0x0000c71c     0x1c52 ./Application/User/mc_tasks_sixstep.o
 .debug_info    0x0000e36e     0x1357 ./Application/User/mcp.o
 .debug_info    0x0000f6c5      0x8d9 ./Application/User/mcp_config.o
 .debug_info    0x0000ff9e      0xe06 ./Application/User/motorcontrol.o
 .debug_info    0x00010da4      0xfef ./Application/User/pwmc_sixstep.o
 .debug_info    0x00011d93      0xa28 ./Application/User/regular_conversion_manager.o
 .debug_info    0x000127bb      0x763 ./Application/User/speed_duty_ctrl.o
 .debug_info    0x00012f1e     0x136d ./Application/User/stm32_mc_common_it.o
 .debug_info    0x0001428b     0x192c ./Application/User/stm32g0xx_hal_msp.o
 .debug_info    0x00015bb7      0xf63 ./Application/User/stm32g0xx_mc_it.o
 .debug_info    0x00016b1a     0x273a ./Application/User/sync_registers.o
 .debug_info    0x00019254     0x1262 ./Application/User/usart_aspep_driver.o
 .debug_info    0x0001a4b6      0x34e ./Drivers/CMSIS/system_stm32g0xx.o
 .debug_info    0x0001a804      0xb3c ./Drivers/STM32G0xx_HAL_Driver/stm32g0xx_hal.o
 .debug_info    0x0001b340     0x2272 ./Drivers/STM32G0xx_HAL_Driver/stm32g0xx_hal_adc.o
 .debug_info    0x0001d5b2      0xa40 ./Drivers/STM32G0xx_HAL_Driver/stm32g0xx_hal_cortex.o
 .debug_info    0x0001dff2      0xac8 ./Drivers/STM32G0xx_HAL_Driver/stm32g0xx_hal_dma.o
 .debug_info    0x0001eaba      0x5e4 ./Drivers/STM32G0xx_HAL_Driver/stm32g0xx_hal_gpio.o
 .debug_info    0x0001f09e      0x7ef ./Drivers/STM32G0xx_HAL_Driver/stm32g0xx_hal_pwr_ex.o
 .debug_info    0x0001f88d      0xdc8 ./Drivers/STM32G0xx_HAL_Driver/stm32g0xx_hal_rcc.o
 .debug_info    0x00020655      0x854 ./Drivers/STM32G0xx_HAL_Driver/stm32g0xx_hal_rcc_ex.o
 .debug_info    0x00020ea9     0x5089 ./Drivers/STM32G0xx_HAL_Driver/stm32g0xx_hal_tim.o
 .debug_info    0x00025f32     0x1ff9 ./Drivers/STM32G0xx_HAL_Driver/stm32g0xx_hal_tim_ex.o
 .debug_info    0x00027f2b     0x7d6d ./Drivers/STM32G0xx_HAL_Driver/stm32g0xx_hal_uart.o
 .debug_info    0x0002fc98     0x13b1 ./Drivers/STM32G0xx_HAL_Driver/stm32g0xx_hal_uart_ex.o
 .debug_info    0x00031049      0x2bd ./Middlewares/MotorControl/bus_voltage_sensor.o
 .debug_info    0x00031306      0x3f2 ./Middlewares/MotorControl/ntc_temperature_sensor.o
 .debug_info    0x000316f8      0x8dd ./Middlewares/MotorControl/pid_regulator.o
 .debug_info    0x00031fd5      0x391 ./Middlewares/MotorControl/r_divider_bus_voltage_sensor.o
 .debug_info    0x00032366      0x96f ./Middlewares/MotorControl/revup_ctrl_sixstep.o
 .debug_info    0x00032cd5      0x3a1 ./Middlewares/MotorControl/speed_pos_fdbk_sixstep.o

.debug_abbrev   0x00000000     0x6b47
 .debug_abbrev  0x00000000       0x24 ./Application/Startup/startup_stm32g031c8tx.o
 .debug_abbrev  0x00000024      0x389 ./Application/User/aspep.o
 .debug_abbrev  0x000003ad      0x3ff ./Application/User/bemf_ADC_fdbk_sixstep.o
 .debug_abbrev  0x000007ac      0x390 ./Application/User/main.o
 .debug_abbrev  0x00000b3c      0x23b ./Application/User/mc_api.o
 .debug_abbrev  0x00000d77       0x98 ./Application/User/mc_app_hooks.o
 .debug_abbrev  0x00000e0f      0x170 ./Application/User/mc_config.o
 .debug_abbrev  0x00000f7f      0x13e ./Application/User/mc_config_common.o
 .debug_abbrev  0x000010bd      0x10a ./Application/User/mc_configuration_registers.o
 .debug_abbrev  0x000011c7      0x372 ./Application/User/mc_interface.o
 .debug_abbrev  0x00001539       0xef ./Application/User/mc_parameters.o
 .debug_abbrev  0x00001628      0x400 ./Application/User/mc_tasks.o
 .debug_abbrev  0x00001a28      0x375 ./Application/User/mc_tasks_sixstep.o
 .debug_abbrev  0x00001d9d      0x2f0 ./Application/User/mcp.o
 .debug_abbrev  0x0000208d      0x1ca ./Application/User/mcp_config.o
 .debug_abbrev  0x00002257      0x204 ./Application/User/motorcontrol.o
 .debug_abbrev  0x0000245b      0x2f8 ./Application/User/pwmc_sixstep.o
 .debug_abbrev  0x00002753      0x29b ./Application/User/regular_conversion_manager.o
 .debug_abbrev  0x000029ee      0x224 ./Application/User/speed_duty_ctrl.o
 .debug_abbrev  0x00002c12      0x2fe ./Application/User/stm32_mc_common_it.o
 .debug_abbrev  0x00002f10      0x299 ./Application/User/stm32g0xx_hal_msp.o
 .debug_abbrev  0x000031a9      0x268 ./Application/User/stm32g0xx_mc_it.o
 .debug_abbrev  0x00003411      0x3d3 ./Application/User/sync_registers.o
 .debug_abbrev  0x000037e4      0x2b6 ./Application/User/usart_aspep_driver.o
 .debug_abbrev  0x00003a9a      0x148 ./Drivers/CMSIS/system_stm32g0xx.o
 .debug_abbrev  0x00003be2      0x341 ./Drivers/STM32G0xx_HAL_Driver/stm32g0xx_hal.o
 .debug_abbrev  0x00003f23      0x34d ./Drivers/STM32G0xx_HAL_Driver/stm32g0xx_hal_adc.o
 .debug_abbrev  0x00004270      0x2dc ./Drivers/STM32G0xx_HAL_Driver/stm32g0xx_hal_cortex.o
 .debug_abbrev  0x0000454c      0x28a ./Drivers/STM32G0xx_HAL_Driver/stm32g0xx_hal_dma.o
 .debug_abbrev  0x000047d6      0x26a ./Drivers/STM32G0xx_HAL_Driver/stm32g0xx_hal_gpio.o
 .debug_abbrev  0x00004a40      0x28a ./Drivers/STM32G0xx_HAL_Driver/stm32g0xx_hal_pwr_ex.o
 .debug_abbrev  0x00004cca      0x36b ./Drivers/STM32G0xx_HAL_Driver/stm32g0xx_hal_rcc.o
 .debug_abbrev  0x00005035      0x296 ./Drivers/STM32G0xx_HAL_Driver/stm32g0xx_hal_rcc_ex.o
 .debug_abbrev  0x000052cb      0x3af ./Drivers/STM32G0xx_HAL_Driver/stm32g0xx_hal_tim.o
 .debug_abbrev  0x0000567a      0x3e0 ./Drivers/STM32G0xx_HAL_Driver/stm32g0xx_hal_tim_ex.o
 .debug_abbrev  0x00005a5a      0x473 ./Drivers/STM32G0xx_HAL_Driver/stm32g0xx_hal_uart.o
 .debug_abbrev  0x00005ecd      0x35c ./Drivers/STM32G0xx_HAL_Driver/stm32g0xx_hal_uart_ex.o
 .debug_abbrev  0x00006229      0x10c ./Middlewares/MotorControl/bus_voltage_sensor.o
 .debug_abbrev  0x00006335      0x196 ./Middlewares/MotorControl/ntc_temperature_sensor.o
 .debug_abbrev  0x000064cb      0x1b1 ./Middlewares/MotorControl/pid_regulator.o
 .debug_abbrev  0x0000667c      0x182 ./Middlewares/MotorControl/r_divider_bus_voltage_sensor.o
 .debug_abbrev  0x000067fe      0x219 ./Middlewares/MotorControl/revup_ctrl_sixstep.o
 .debug_abbrev  0x00006a17      0x130 ./Middlewares/MotorControl/speed_pos_fdbk_sixstep.o

.debug_aranges  0x00000000     0x1620
 .debug_aranges
                0x00000000       0x28 ./Application/Startup/startup_stm32g031c8tx.o
 .debug_aranges
                0x00000028       0x60 ./Application/User/aspep.o
 .debug_aranges
                0x00000088       0xa0 ./Application/User/bemf_ADC_fdbk_sixstep.o
 .debug_aranges
                0x00000128       0x30 ./Application/User/main.o
 .debug_aranges
                0x00000158       0xc8 ./Application/User/mc_api.o
 .debug_aranges
                0x00000220       0x28 ./Application/User/mc_app_hooks.o
 .debug_aranges
                0x00000248       0x18 ./Application/User/mc_config.o
 .debug_aranges
                0x00000260       0x18 ./Application/User/mc_config_common.o
 .debug_aranges
                0x00000278       0x18 ./Application/User/mc_configuration_registers.o
 .debug_aranges
                0x00000290       0xe8 ./Application/User/mc_interface.o
 .debug_aranges
                0x00000378       0x18 ./Application/User/mc_parameters.o
 .debug_aranges
                0x00000390       0x70 ./Application/User/mc_tasks.o
 .debug_aranges
                0x00000400       0x40 ./Application/User/mc_tasks_sixstep.o
 .debug_aranges
                0x00000440       0x38 ./Application/User/mcp.o
 .debug_aranges
                0x00000478       0x18 ./Application/User/mcp_config.o
 .debug_aranges
                0x00000490       0x20 ./Application/User/motorcontrol.o
 .debug_aranges
                0x000004b0       0x78 ./Application/User/pwmc_sixstep.o
 .debug_aranges
                0x00000528       0x40 ./Application/User/regular_conversion_manager.o
 .debug_aranges
                0x00000568       0x38 ./Application/User/speed_duty_ctrl.o
 .debug_aranges
                0x000005a0       0x38 ./Application/User/stm32_mc_common_it.o
 .debug_aranges
                0x000005d8       0x58 ./Application/User/stm32g0xx_hal_msp.o
 .debug_aranges
                0x00000630       0x30 ./Application/User/stm32g0xx_mc_it.o
 .debug_aranges
                0x00000660       0x40 ./Application/User/sync_registers.o
 .debug_aranges
                0x000006a0       0x48 ./Application/User/usart_aspep_driver.o
 .debug_aranges
                0x000006e8       0x28 ./Drivers/CMSIS/system_stm32g0xx.o
 .debug_aranges
                0x00000710      0x128 ./Drivers/STM32G0xx_HAL_Driver/stm32g0xx_hal.o
 .debug_aranges
                0x00000838       0xf8 ./Drivers/STM32G0xx_HAL_Driver/stm32g0xx_hal_adc.o
 .debug_aranges
                0x00000930       0xa0 ./Drivers/STM32G0xx_HAL_Driver/stm32g0xx_hal_cortex.o
 .debug_aranges
                0x000009d0       0x78 ./Drivers/STM32G0xx_HAL_Driver/stm32g0xx_hal_dma.o
 .debug_aranges
                0x00000a48       0x60 ./Drivers/STM32G0xx_HAL_Driver/stm32g0xx_hal_gpio.o
 .debug_aranges
                0x00000aa8       0xf0 ./Drivers/STM32G0xx_HAL_Driver/stm32g0xx_hal_pwr_ex.o
 .debug_aranges
                0x00000b98       0x98 ./Drivers/STM32G0xx_HAL_Driver/stm32g0xx_hal_rcc.o
 .debug_aranges
                0x00000c30       0x40 ./Drivers/STM32G0xx_HAL_Driver/stm32g0xx_hal_rcc_ex.o
 .debug_aranges
                0x00000c70      0x380 ./Drivers/STM32G0xx_HAL_Driver/stm32g0xx_hal_tim.o
 .debug_aranges
                0x00000ff0      0x190 ./Drivers/STM32G0xx_HAL_Driver/stm32g0xx_hal_tim_ex.o
 .debug_aranges
                0x00001180      0x238 ./Drivers/STM32G0xx_HAL_Driver/stm32g0xx_hal_uart.o
 .debug_aranges
                0x000013b8       0x98 ./Drivers/STM32G0xx_HAL_Driver/stm32g0xx_hal_uart_ex.o
 .debug_aranges
                0x00001450       0x28 ./Middlewares/MotorControl/bus_voltage_sensor.o
 .debug_aranges
                0x00001478       0x30 ./Middlewares/MotorControl/ntc_temperature_sensor.o
 .debug_aranges
                0x000014a8       0xd8 ./Middlewares/MotorControl/pid_regulator.o
 .debug_aranges
                0x00001580       0x28 ./Middlewares/MotorControl/r_divider_bus_voltage_sensor.o
 .debug_aranges
                0x000015a8       0x40 ./Middlewares/MotorControl/revup_ctrl_sixstep.o
 .debug_aranges
                0x000015e8       0x38 ./Middlewares/MotorControl/speed_pos_fdbk_sixstep.o

.debug_str      0x00000000    0xb425b
 .debug_str     0x00000000    0xb425b ./Application/Startup/startup_stm32g031c8tx.o
                                 0x8e (size before relaxing)
 .debug_str     0x000b425b        0x0 ./Application/User/aspep.o
                              0xa3452 (size before relaxing)
 .debug_str     0x000b425b        0x0 ./Application/User/bemf_ADC_fdbk_sixstep.o
                              0xa3cd5 (size before relaxing)
 .debug_str     0x000b425b        0x0 ./Application/User/main.o
                              0xa4b45 (size before relaxing)
 .debug_str     0x000b425b        0x0 ./Application/User/mc_api.o
                              0xa44e1 (size before relaxing)
 .debug_str     0x000b425b        0x0 ./Application/User/mc_app_hooks.o
                              0x9e940 (size before relaxing)
 .debug_str     0x000b425b        0x0 ./Application/User/mc_config.o
                              0xa46d8 (size before relaxing)
 .debug_str     0x000b425b        0x0 ./Application/User/mc_config_common.o
                              0xa3c59 (size before relaxing)
 .debug_str     0x000b425b        0x0 ./Application/User/mc_configuration_registers.o
                              0xa6708 (size before relaxing)
 .debug_str     0x000b425b        0x0 ./Application/User/mc_interface.o
                              0xa416c (size before relaxing)
 .debug_str     0x000b425b        0x0 ./Application/User/mc_parameters.o
                              0xa47c7 (size before relaxing)
 .debug_str     0x000b425b        0x0 ./Application/User/mc_tasks.o
                              0xa5386 (size before relaxing)
 .debug_str     0x000b425b        0x0 ./Application/User/mc_tasks_sixstep.o
                              0xa5578 (size before relaxing)
 .debug_str     0x000b425b        0x0 ./Application/User/mcp.o
                              0xa78f1 (size before relaxing)
 .debug_str     0x000b425b        0x0 ./Application/User/mcp_config.o
                              0xa382b (size before relaxing)
 .debug_str     0x000b425b        0x0 ./Application/User/motorcontrol.o
                              0xa4409 (size before relaxing)
 .debug_str     0x000b425b        0x0 ./Application/User/pwmc_sixstep.o
                              0x9f037 (size before relaxing)
 .debug_str     0x000b425b        0x0 ./Application/User/regular_conversion_manager.o
                              0xa3638 (size before relaxing)
 .debug_str     0x000b425b        0x0 ./Application/User/speed_duty_ctrl.o
                              0x9ee85 (size before relaxing)
 .debug_str     0x000b425b        0x0 ./Application/User/stm32_mc_common_it.o
                              0xa4d56 (size before relaxing)
 .debug_str     0x000b425b        0x0 ./Application/User/stm32g0xx_hal_msp.o
                              0xa4698 (size before relaxing)
 .debug_str     0x000b425b        0x0 ./Application/User/stm32g0xx_mc_it.o
                              0xa3e1b (size before relaxing)
 .debug_str     0x000b425b        0x0 ./Application/User/sync_registers.o
                              0xab5b7 (size before relaxing)
 .debug_str     0x000b425b        0x0 ./Application/User/usart_aspep_driver.o
                              0xa3199 (size before relaxing)
 .debug_str     0x000b425b        0x0 ./Drivers/CMSIS/system_stm32g0xx.o
                              0x94d3e (size before relaxing)
 .debug_str     0x000b425b        0x0 ./Drivers/STM32G0xx_HAL_Driver/stm32g0xx_hal.o
                              0x95519 (size before relaxing)
 .debug_str     0x000b425b        0x0 ./Drivers/STM32G0xx_HAL_Driver/stm32g0xx_hal_adc.o
                              0x95afe (size before relaxing)
 .debug_str     0x000b425b        0x0 ./Drivers/STM32G0xx_HAL_Driver/stm32g0xx_hal_cortex.o
                              0x951bf (size before relaxing)
 .debug_str     0x000b425b        0x0 ./Drivers/STM32G0xx_HAL_Driver/stm32g0xx_hal_dma.o
                              0x951dd (size before relaxing)
 .debug_str     0x000b425b        0x0 ./Drivers/STM32G0xx_HAL_Driver/stm32g0xx_hal_gpio.o
                              0x94e6a (size before relaxing)
 .debug_str     0x000b425b        0x0 ./Drivers/STM32G0xx_HAL_Driver/stm32g0xx_hal_pwr_ex.o
                              0x951bc (size before relaxing)
 .debug_str     0x000b425b        0x0 ./Drivers/STM32G0xx_HAL_Driver/stm32g0xx_hal_rcc.o
                              0x95499 (size before relaxing)
 .debug_str     0x000b425b        0x0 ./Drivers/STM32G0xx_HAL_Driver/stm32g0xx_hal_rcc_ex.o
                              0x950d2 (size before relaxing)
 .debug_str     0x000b425b        0x0 ./Drivers/STM32G0xx_HAL_Driver/stm32g0xx_hal_tim.o
                              0x96277 (size before relaxing)
 .debug_str     0x000b425b        0x0 ./Drivers/STM32G0xx_HAL_Driver/stm32g0xx_hal_tim_ex.o
                              0x95c05 (size before relaxing)
 .debug_str     0x000b425b        0x0 ./Drivers/STM32G0xx_HAL_Driver/stm32g0xx_hal_uart.o
                              0x95d1f (size before relaxing)
 .debug_str     0x000b425b        0x0 ./Drivers/STM32G0xx_HAL_Driver/stm32g0xx_hal_uart_ex.o
                              0x955cc (size before relaxing)
 .debug_str     0x000b425b        0x0 ./Middlewares/MotorControl/bus_voltage_sensor.o
                              0x9ea15 (size before relaxing)
 .debug_str     0x000b425b        0x0 ./Middlewares/MotorControl/ntc_temperature_sensor.o
                              0x9ea9c (size before relaxing)
 .debug_str     0x000b425b        0x0 ./Middlewares/MotorControl/pid_regulator.o
                              0x9ece3 (size before relaxing)
 .debug_str     0x000b425b        0x0 ./Middlewares/MotorControl/r_divider_bus_voltage_sensor.o
                              0x9eaf5 (size before relaxing)
 .debug_str     0x000b425b        0x0 ./Middlewares/MotorControl/revup_ctrl_sixstep.o
                              0x9f169 (size before relaxing)
 .debug_str     0x000b425b        0x0 ./Middlewares/MotorControl/speed_pos_fdbk_sixstep.o
                              0x9eac1 (size before relaxing)

.debug_rnglists
                0x00000000     0x264a
 .debug_rnglists
                0x00000000       0x19 ./Application/Startup/startup_stm32g031c8tx.o
 .debug_rnglists