C:/Users/simon/Documents/GitHub/PE2_Code/FC/test6step/Src/bemf_ADC_fdbk_sixstep.c:56:13:BADC_Init	16	static
C:/Users/simon/Documents/GitHub/PE2_Code/FC/test6step/Src/bemf_ADC_fdbk_sixstep.c:138:13:BADC_Clear	16	static
C:/Users/simon/Documents/GitHub/PE2_Code/FC/test6step/Src/bemf_ADC_fdbk_sixstep.c:187:13:BADC_Start	48	static
C:/Users/simon/Documents/GitHub/PE2_Code/FC/test6step/Src/bemf_ADC_fdbk_sixstep.c:266:13:BADC_Stop	8	static
C:/Users/simon/Documents/GitHub/PE2_Code/FC/test6step/Src/bemf_ADC_fdbk_sixstep.c:291:13:BADC_SetSamplingPoint	24	static
C:/Users/simon/Documents/GitHub/PE2_Code/FC/test6step/Src/bemf_ADC_fdbk_sixstep.c:355:13:BADC_IsZcDetected	24	static
C:/Users/simon/Documents/GitHub/PE2_Code/FC/test6step/Src/bemf_ADC_fdbk_sixstep.c:522:13:BADC_CalcAvrgMecSpeedUnit	16	static
C:/Users/simon/Documents/GitHub/PE2_Code/FC/test6step/Src/bemf_ADC_fdbk_sixstep.c:591:13:BADC_SetDirection	0	static
C:/Users/simon/Documents/GitHub/PE2_Code/FC/test6step/Src/bemf_ADC_fdbk_sixstep.c:614:6:BADC_SelectAdcChannel	40	static
C:/Users/simon/Documents/GitHub/PE2_Code/FC/test6step/Src/bemf_ADC_fdbk_sixstep.c:629:6:BADC_StepChangeEvent	16	static
C:/Users/simon/Documents/GitHub/PE2_Code/FC/test6step/Src/bemf_ADC_fdbk_sixstep.c:682:6:BADC_CalcRevUpDemagTime	16	static
C:/Users/simon/Documents/GitHub/PE2_Code/FC/test6step/Src/bemf_ADC_fdbk_sixstep.c:728:6:BADC_CalcRunDemagTime	16	static
C:/Users/simon/Documents/GitHub/PE2_Code/FC/test6step/Src/bemf_ADC_fdbk_sixstep.c:775:6:BADC_SetLoopClosed	0	static
C:/Users/simon/Documents/GitHub/PE2_Code/FC/test6step/Src/bemf_ADC_fdbk_sixstep.c:796:6:BADC_SetSpeedTimer	0	static
C:/Users/simon/Documents/GitHub/PE2_Code/FC/test6step/Src/bemf_ADC_fdbk_sixstep.c:831:6:BADC_CheckDetectionErrors	8	static
C:/Users/simon/Documents/GitHub/PE2_Code/FC/test6step/Src/bemf_ADC_fdbk_sixstep.c:870:8:BADC_SetBemfSensorlessParam	8	static
C:/Users/simon/Documents/GitHub/PE2_Code/FC/test6step/Src/bemf_ADC_fdbk_sixstep.c:905:6:BADC_GetBemfSensorlessParam	8	static
