C:/Users/simon/Documents/GitHub/PE2_Code/FC/test6step/Src/mc_tasks_sixstep.c:344:13:SIX_STEP_Clear	16	static
C:/Users/simon/Documents/GitHub/PE2_Code/FC/test6step/Src/mc_tasks_sixstep.c:76:13:SIX_STEP_Init	8	static
C:/Users/simon/Documents/GitHub/PE2_Code/FC/test6step/Src/mc_tasks_sixstep.c:118:6:TSK_MF_StopProcessing	8	static
C:/Users/simon/Documents/GitHub/PE2_Code/FC/test6step/Src/mc_tasks_sixstep.c:133:13:TSK_MediumFrequencyTaskM1	24	static
C:/Users/simon/Documents/GitHub/PE2_Code/FC/test6step/Src/mc_tasks_sixstep.c:376:13:TSK_SpeedTIM_task	16	static
