C:/Users/simon/Documents/GitHub/PE2_Code/FC/test6step/Src/mc_tasks.c:84:13:MCboot	8	static
C:/Users/simon/Documents/GitHub/PE2_Code/FC/test6step/Src/mc_tasks.c:239:13:TSK_SetChargeBootCapDelayM1	0	static
C:/Users/simon/Documents/GitHub/PE2_Code/FC/test6step/Src/mc_tasks.c:250:13:TSK_ChargeBootCapDelayHasElapsedM1	0	static
C:/Users/simon/Documents/GitHub/PE2_Code/FC/test6step/Src/mc_tasks.c:266:13:TSK_SetStopPermanencyTimeM1	0	static
C:/Users/simon/Documents/GitHub/PE2_Code/FC/test6step/Src/mc_tasks.c:277:13:TSK_StopPermanencyTimeHasElapsedM1	0	static
C:/Users/simon/Documents/GitHub/PE2_Code/FC/test6step/Src/mc_tasks.c:315:13:TSK_SafetyTask_PWMOFF	24	static
C:/Users/simon/Documents/GitHub/PE2_Code/FC/test6step/Src/mc_tasks.c:292:13:TSK_SafetyTask	8	static
C:/Users/simon/Documents/GitHub/PE2_Code/FC/test6step/Src/mc_tasks.c:152:13:MC_RunMotorControlTasks	16	static
C:/Users/simon/Documents/GitHub/PE2_Code/FC/test6step/Src/mc_tasks.c:373:13:TSK_HardwareFaultTask	8	static
C:/Users/simon/Documents/GitHub/PE2_Code/FC/test6step/Src/mc_tasks.c:386:13:UI_HandleStartStopButton_cb	8	static
C:/Users/simon/Documents/GitHub/PE2_Code/FC/test6step/Src/mc_tasks.c:404:13:mc_lock_pins	48	static
