C:/Users/tijme/OneDrive - Thomas More/Documenten/GitHub/PE2_Code/FC/test6step/Src/pwmc_sixstep.c:58:13:PWMC_Init	0	static
C:/Users/tijme/OneDrive - Thomas More/Documenten/GitHub/PE2_Code/FC/test6step/Src/pwmc_sixstep.c:92:13:PWMC_SetPhaseVoltage	0	static
C:/Users/tijme/OneDrive - Thomas More/Documenten/GitHub/PE2_Code/FC/test6step/Src/pwmc_sixstep.c:116:13:PWMC_LoadNextStep	16	static
C:/Users/tijme/OneDrive - Thomas More/Documenten/GitHub/PE2_Code/FC/test6step/Src/pwmc_sixstep.c:183:13:PWMC_TurnOnLowSides	8	static
C:/Users/tijme/OneDrive - Thomas More/Documenten/GitHub/PE2_Code/FC/test6step/Src/pwmc_sixstep.c:219:13:PWMC_SwitchOnPWM	0	static
C:/Users/tijme/OneDrive - Thomas More/Documenten/GitHub/PE2_Code/FC/test6step/Src/pwmc_sixstep.c:259:13:PWMC_SetADCTriggerChannel	0	static
C:/Users/tijme/OneDrive - Thomas More/Documenten/GitHub/PE2_Code/FC/test6step/Src/pwmc_sixstep.c:285:13:PWMC_SwitchOffPWM	0	static
C:/Users/tijme/OneDrive - Thomas More/Documenten/GitHub/PE2_Code/FC/test6step/Src/pwmc_sixstep.c:318:6:PWMC_ForceNextStep	0	static
C:/Users/tijme/OneDrive - Thomas More/Documenten/GitHub/PE2_Code/FC/test6step/Src/pwmc_sixstep.c:365:10:PWMC_IsFaultOccurred	0	static
C:/Users/tijme/OneDrive - Thomas More/Documenten/GitHub/PE2_Code/FC/test6step/Src/pwmc_sixstep.c:411:9:PWMC_GetLSModConfig	0	static
C:/Users/tijme/OneDrive - Thomas More/Documenten/GitHub/PE2_Code/FC/test6step/Src/pwmc_sixstep.c:432:6:PWMC_SetLSModConfig	0	static
C:/Users/tijme/OneDrive - Thomas More/Documenten/GitHub/PE2_Code/FC/test6step/Src/pwmc_sixstep.c:466:6:PWMC_SetQuasiSynchState	0	static
