C:/Users/simon/Documents/GitHub/PE2_Code/FC/test6step/Src/regular_conversion_manager.c:122:6:RCM_RegisterRegConv	8	static
C:/Users/simon/Documents/GitHub/PE2_Code/FC/test6step/Src/regular_conversion_manager.c:182:6:RCM_ExecNextConv	8	static
C:/Users/simon/Documents/GitHub/PE2_Code/FC/test6step/Src/regular_conversion_manager.c:231:6:RCM_ReadOngoingConv	16	static
C:/Users/simon/Documents/GitHub/PE2_Code/FC/test6step/Src/regular_conversion_manager.c:273:10:RCM_ExecRegularConv	8	static
C:/Users/simon/Documents/GitHub/PE2_Code/FC/test6step/Src/regular_conversion_manager.c:328:6:RCM_WaitForConv	0	static
