C:/Users/tijme/OneDrive - Thomas More/Documenten/GitHub/PE2_Code/FC/test6step/Src/stm32_mc_common_it.c:65:6:USART1_IRQHandler	8	static,ignoring_inline_asm
C:/Users/tijme/OneDrive - Thomas More/Documenten/GitHub/PE2_Code/FC/test6step/Src/stm32_mc_common_it.c:143:6:HardFault_Handler	8	static
C:/Users/tijme/OneDrive - Thomas More/Documenten/GitHub/PE2_Code/FC/test6step/Src/stm32_mc_common_it.c:162:6:SysTick_Handler	8	static
C:/Users/tijme/OneDrive - Thomas More/Documenten/GitHub/PE2_Code/FC/test6step/Src/stm32_mc_common_it.c:207:6:EXTI4_15_IRQHandler	8	static
