C:/Users/tijme/OneDrive - Thomas More/Documenten/GitHub/PE2_Code/FC/test6step/Src/stm32g0xx_hal_msp.c:68:6:HAL_MspInit	8	static
C:/Users/tijme/OneDrive - Thomas More/Documenten/GitHub/PE2_Code/FC/test6step/Src/stm32g0xx_hal_msp.c:91:6:HAL_ADC_MspInit	80	static
C:/Users/tijme/OneDrive - Thomas More/Documenten/GitHub/PE2_Code/FC/test6step/Src/stm32g0xx_hal_msp.c:141:6:HAL_ADC_MspDeInit	8	static
C:/Users/tijme/OneDrive - Thomas More/Documenten/GitHub/PE2_Code/FC/test6step/Src/stm32g0xx_hal_msp.c:176:6:HAL_TIM_Base_MspInit	88	static
C:/Users/tijme/OneDrive - Thomas More/Documenten/GitHub/PE2_Code/FC/test6step/Src/stm32g0xx_hal_msp.c:228:6:HAL_TIM_MspPostInit	48	static
C:/Users/tijme/OneDrive - Thomas More/Documenten/GitHub/PE2_Code/FC/test6step/Src/stm32g0xx_hal_msp.c:273:6:HAL_TIM_Base_MspDeInit	8	static
C:/Users/tijme/OneDrive - Thomas More/Documenten/GitHub/PE2_Code/FC/test6step/Src/stm32g0xx_hal_msp.c:325:6:HAL_UART_MspInit	88	static
C:/Users/tijme/OneDrive - Thomas More/Documenten/GitHub/PE2_Code/FC/test6step/Src/stm32g0xx_hal_msp.c:408:6:HAL_UART_MspDeInit	8	static
