../Core/Src/main.c:110:5:_write	3
../Core/Src/main.c:120:6:Update_Altitude_Filter	1
../Core/Src/main.c:131:5:main	1
../Core/Src/main.c:198:6:SystemClock_Config	4
../Core/Src/main.c:251:13:MX_I2C1_Init	4
../Core/Src/main.c:299:13:MX_SDMMC1_SD_Init	1
../Core/Src/main.c:327:13:MX_SPI1_Init	2
../Core/Src/main.c:367:13:MX_SPI2_Init	2
../Core/Src/main.c:407:13:MX_SPI4_Init	2
../Core/Src/main.c:447:13:MX_TIM2_Init	5
../Core/Src/main.c:500:13:MX_TIM4_Init	5
../Core/Src/main.c:553:13:MX_UART7_Init	2
../Core/Src/main.c:588:13:MX_UART8_Init	2
../Core/Src/main.c:621:13:MX_DMA_Init	1
../Core/Src/main.c:648:13:MX_GPIO_Init	1
../Core/Src/main.c:823:6:MPU_Config	1
../Core/Src/main.c:854:6:Error_Handler	1
