C:/Users/tijme/OneDrive - Thomas More/Documenten/GitHub/PE2_Code/FC/test6step/MCSDK_v6.4.1-Full/MotorControl/MCSDK/MCLib/Any/Src/ntc_temperature_sensor.c:114:13:NTC_Init	0	static
C:/Users/tijme/OneDrive - Thomas More/Documenten/GitHub/PE2_Code/FC/test6step/MCSDK_v6.4.1-Full/MotorControl/MCSDK/MCLib/Any/Src/ntc_temperature_sensor.c:145:17:NTC_CalcAvTemp	8	static
C:/Users/tijme/OneDrive - Thomas More/Documenten/GitHub/PE2_Code/FC/test6step/MCSDK_v6.4.1-Full/MotorControl/MCSDK/MCLib/Any/Src/ntc_temperature_sensor.c:188:16:NTC_GetAvTemp_C	0	static
