C:/Users/simon/Documents/GitHub/PE2_Code/FC/test6step/MCSDK_v6.4.1-Full/MotorControl/MCSDK/MCLib/Any/Src/speed_pos_fdbk_sixstep.c:57:16:SPD_GetAvrgMecSpeedUnit	0	static
C:/Users/simon/Documents/GitHub/PE2_Code/FC/test6step/MCSDK_v6.4.1-Full/MotorControl/MCSDK/MCLib/Any/Src/speed_pos_fdbk_sixstep.c:93:13:SPD_IsMecSpeedReliable	8	static
C:/Users/simon/Documents/GitHub/PE2_Code/FC/test6step/MCSDK_v6.4.1-Full/MotorControl/MCSDK/MCLib/Any/Src/speed_pos_fdbk_sixstep.c:189:16:SPD_GetElToMecRatio	0	static
C:/Users/simon/Documents/GitHub/PE2_Code/FC/test6step/MCSDK_v6.4.1-Full/MotorControl/MCSDK/MCLib/Any/Src/speed_pos_fdbk_sixstep.c:207:13:SPD_SetElToMecRatio	0	static
