../Core/Src/main.c:112:5:_write	32	static
../Core/Src/main.c:134:5:main	8	static
../Core/Src/main.c:200:6:SystemClock_Config	88	static
../Core/Src/main.c:253:13:MX_I2C1_Init	8	static
../Core/Src/main.c:301:13:MX_SDMMC1_SD_Init	4	static
../Core/Src/main.c:329:13:MX_SPI1_Init	8	static
../Core/Src/main.c:369:13:MX_SPI2_Init	8	static
../Core/Src/main.c:409:13:MX_SPI4_Init	8	static
../Core/Src/main.c:449:13:MX_TIM2_Init	48	static
../Core/Src/main.c:502:13:MX_TIM4_Init	48	static
../Core/Src/main.c:555:13:MX_UART7_Init	8	static
../Core/Src/main.c:590:13:MX_UART8_Init	8	static
../Core/Src/main.c:623:13:MX_DMA_Init	16	static
../Core/Src/main.c:650:13:MX_GPIO_Init	56	static
../Core/Src/main.c:765:6:HAL_GPIO_EXTI_Callback	88	static
../Core/Src/main.c:828:6:MPU_Config	24	static
../Core/Src/main.c:859:6:Error_Handler	4	static,ignoring_inline_asm
