../Core/Src/main.c:120:5:_write	32	static
../Core/Src/main.c:133:6:complementaryFilterHoogte	24	static
../Core/Src/main.c:153:6:update_Z_Filter	72	static
../Core/Src/main.c:190:5:main	88	static
../Core/Src/main.c:305:6:SystemClock_Config	88	static
../Core/Src/main.c:358:13:MX_I2C1_Init	8	static
../Core/Src/main.c:406:13:MX_SDMMC1_SD_Init	4	static
../Core/Src/main.c:434:13:MX_SPI1_Init	8	static
../Core/Src/main.c:474:13:MX_SPI2_Init	8	static
../Core/Src/main.c:514:13:MX_SPI4_Init	8	static
../Core/Src/main.c:554:13:MX_TIM2_Init	48	static
../Core/Src/main.c:607:13:MX_TIM4_Init	48	static
../Core/Src/main.c:660:13:MX_UART7_Init	8	static
../Core/Src/main.c:695:13:MX_UART8_Init	8	static
../Core/Src/main.c:728:13:MX_DMA_Init	16	static
../Core/Src/main.c:755:13:MX_GPIO_Init	56	static
../Core/Src/main.c:871:6:HAL_GPIO_EXTI_Callback	16	static
../Core/Src/main.c:900:6:MPU_Config	24	static
../Core/Src/main.c:931:6:Error_Handler	4	static,ignoring_inline_asm
