../Core/Src/main.c:100:5:main	8	static
../Core/Src/main.c:167:6:SystemClock_Config	88	static
../Core/Src/main.c:220:13:MX_I2C1_Init	8	static
../Core/Src/main.c:268:13:MX_SDMMC1_SD_Init	4	static
../Core/Src/main.c:296:13:MX_SPI1_Init	8	static
../Core/Src/main.c:336:13:MX_SPI2_Init	8	static
../Core/Src/main.c:376:13:MX_SPI4_Init	8	static
../Core/Src/main.c:416:13:MX_TIM2_Init	48	static
../Core/Src/main.c:469:13:MX_TIM4_Init	48	static
../Core/Src/main.c:522:13:MX_UART7_Init	8	static
../Core/Src/main.c:557:13:MX_UART8_Init	8	static
../Core/Src/main.c:590:13:MX_DMA_Init	16	static
../Core/Src/main.c:617:13:MX_GPIO_Init	56	static
../Core/Src/main.c:768:6:MPU_Config	24	static
../Core/Src/main.c:799:6:Error_Handler	4	static,ignoring_inline_asm
